<html>
<body>
<pre>
<h1>µVision Build Log</h1>
<h2>Project:</h2>
C:\Users\Victor\Dropbox\Shared\Final\Lab07_Sensor\Lab04.uvproj
Project File Date:  04/12/2014

<h2>Output:</h2>
Rebuild target 'Lab04'
compiling main.c...
main.c(115): warning:  #177-D: variable "consumerData" was declared but never referenced
        unsigned long consumerData, ir_sensor0, ir_sensor1, ir_sensor2, ir_sensor3;
main.c(115): warning:  #550-D: variable "ir_sensor0" was set but never used
        unsigned long consumerData, ir_sensor0, ir_sensor1, ir_sensor2, ir_sensor3;
main.c(115): warning:  #550-D: variable "ir_sensor1" was set but never used
        unsigned long consumerData, ir_sensor0, ir_sensor1, ir_sensor2, ir_sensor3;
main.c(115): warning:  #550-D: variable "ir_sensor2" was set but never used
        unsigned long consumerData, ir_sensor0, ir_sensor1, ir_sensor2, ir_sensor3;
main.c(115): warning:  #550-D: variable "ir_sensor3" was set but never used
        unsigned long consumerData, ir_sensor0, ir_sensor1, ir_sensor2, ir_sensor3;
main.c(240): warning:  #111-D: statement is unreachable
        OS_Kill();
main.c(248): warning:  #550-D: variable "delay" was set but never used
        int delay;
main.c: 7 warnings, 0 errors
compiling OS.c...
compiling TCB.c...
compiling SysTick.c...
compiling OS_Time.c...
compiling OS_Fifo.c...
compiling OS_Mailbox.c...
compiling OS_Display.c...
compiling OS_Interpreter.c...
assembling OSasm.s...
assembling startup.s...
compiling PLL.c...
compiling ST7735.c...
compiling UART.c...
compiling ADC.c...
compiling GPIO.c...
compiling can.c...
compiling can0.c...
compiling Timer3.c...
compiling interrupt.c...
compiling PING.c...
PING.c(152): warning:  #177-D: variable "startTime" was declared but never referenced
                unsigned long sr, startTime, finishTime;
PING.c(152): warning:  #177-D: variable "finishTime" was declared but never referenced
                unsigned long sr, startTime, finishTime;
PING.c(184): warning:  #550-D: variable "data" was set but never used
      static unsigned long startTime1, startTime2, startTime3, startTime4, data, time;
PING.c: 3 warnings, 0 errors
compiling PWM.c...
assembling cr4_fft_64_stm32.s...
linking...
Program Size: Code=26688 RO-data=2612 RW-data=924 ZI-data=17908  
".\Lab03.axf" - 0 Error(s), 10 Warning(s).
Load "C:\\Users\\Victor\\Dropbox\\Shared\\Final\\Lab07_Sensor\\Lab03.axf" 
Connecting: Mode=JTAG, Speed=1000000Hz
Erase Done.
Programming Done.
Verify OK.
</pre>
</body>
</html>
