ARM Linker, 5.03 [Build 76] [MDK-ARM Lite]

==============================================================================

Section Cross References

    main.o(.text) refers to cr4_fft_64_stm32.o(.text) for cr4_fft_64_stm32
    main.o(.text) refers to os_fifo.o(.text) for OS_Fifo_Put
    main.o(.text) refers to adc.o(.text) for ADC_Collect
    main.o(.text) refers to dflt_clz.o(x$fpl$dflt) for __aeabi_i2d
    main.o(.text) refers to pow.o(i.pow) for pow
    main.o(.text) refers to dmul.o(x$fpl$dmul) for __aeabi_dmul
    main.o(.text) refers to dfixu.o(x$fpl$dfixu) for __aeabi_d2uiz
    main.o(.text) refers to os_mailbox.o(.text) for OS_MailBox_Recv
    main.o(.text) refers to os_display.o(.text) for OS_DisplayMessage
    main.o(.text) refers to os.o(.text) for OS_Kill
    main.o(.text) refers to can0.o(.text) for CAN0_GetMailNonBlock
    main.o(.text) refers to dflt_clz.o(x$fpl$dfltu) for __aeabi_ui2d
    main.o(.text) refers to ddiv.o(x$fpl$ddiv) for __aeabi_ddiv
    main.o(.text) refers to main.o(.bss) for buffer
    main.o(.text) refers to main.o(.constdata) for h
    main.o(.text) refers to main.o(.data) for dataLost
    main.o(.text) refers to ping.o(.data) for PING_Time1
    main.o(.text) refers to dfix.o(x$fpl$dfix) for __aeabi_d2iz
    main.o(.text) refers to pwm.o(.text) for Motor_Left_Duty
    main.o(.text) refers to ping.o(.text) for PING_Init
    os.o(.text) refers to startup.o(.text) for StartCritical
    os.o(.text) refers to gpio.o(.text) for SW1_Init
    os.o(.text) refers to os.o(.data) for RunPt
    os.o(.text) refers to os.o(.bss) for thread
    os.o(.text) refers to pll.o(.text) for PLL_Init
    os.o(.text) refers to os_time.o(.text) for OS_InitSystemTime
    os.o(.text) refers to os_display.o(.text) for OS_Display_Init
    os.o(.text) refers to os_interpreter.o(.text) for OS_Interpreter_Init
    os.o(.text) refers to adc.o(.text) for ADC_EnableTimer
    os.o(.text) refers to systick.o(.text) for SysTick_InitInt
    os.o(.text) refers to osasm.o(.text) for StartOS
    systick.o(.text) refers to startup.o(.text) for StartCritical
    os_time.o(.text) refers to startup.o(.text) for StartCritical
    os_time.o(.text) refers to os_time.o(.data) for OS_Milliseconds
    os_fifo.o(.text) refers to startup.o(.text) for StartCritical
    os_fifo.o(.text) refers to os.o(.text) for OS_InitSemaphore
    os_fifo.o(.text) refers to os_fifo.o(.bss) for OSFifo
    os_fifo.o(.text) refers to os_fifo.o(.data) for OSGetPt
    os_mailbox.o(.text) refers to os.o(.text) for OS_InitSemaphore
    os_mailbox.o(.text) refers to os_mailbox.o(.data) for OSMailbox
    os_mailbox.o(.text) refers to os_mailbox.o(.bss) for OSMailbox_DataValid
    os_display.o(.text) refers to st7735.o(.text) for ST7735_InitR
    os_display.o(.text) refers to os.o(.text) for OS_InitSemaphore
    os_display.o(.text) refers to os_interpreter.o(.text) for OS_UART_SendHelp
    os_display.o(.text) refers to os_display.o(.bss) for Sema4_LCD
    os_display.o(.text) refers to os_interpreter.o(.bss) for DisplayState
    os_display.o(.text) refers to os_time.o(.data) for OS_RunTime
    os_interpreter.o(.text) refers to uart.o(.text) for UART_Init
    os_interpreter.o(.text) refers to os.o(.text) for OS_InitSemaphore
    os_interpreter.o(.text) refers to strcmpv7m.o(.text) for strcmp
    os_interpreter.o(.text) refers to os_display.o(.text) for OS_DisplayUnknownCMD_Flash
    os_interpreter.o(.text) refers to os_interpreter.o(.bss) for Sema4_UART
    os_interpreter.o(.text) refers to os_interpreter.o(.data) for commands
    os_interpreter.o(.data) refers to os_interpreter.o(.conststring) for .conststring
    osasm.o(.text) refers to os.o(.data) for RunPt
    startup.o(STACK) refers (Special) to heapauxi.o(.text) for __use_two_region_memory
    startup.o(HEAP) refers (Special) to heapauxi.o(.text) for __use_two_region_memory
    startup.o(RESET) refers (Special) to heapauxi.o(.text) for __use_two_region_memory
    startup.o(RESET) refers to startup.o(STACK) for StackMem
    startup.o(RESET) refers to osasm.o(.text) for PendSV_Handler
    startup.o(RESET) refers to os.o(.text) for SysTick_Handler
    startup.o(RESET) refers to ping.o(.text) for GPIOPortB_Handler
    startup.o(RESET) refers to uart.o(.text) for UART0_Handler
    startup.o(RESET) refers to adc.o(.text) for ADC0Seq0_Handler
    startup.o(RESET) refers to gpio.o(.text) for GPIOPortF_Handler
    startup.o(RESET) refers to timer3.o(.text) for Timer3A_Handler
    startup.o(RESET) refers to can0.o(.text) for CAN0_Handler
    startup.o(RESET) refers to __main.o(!!!main) for __main
    startup.o(.text) refers (Special) to heapauxi.o(.text) for __use_two_region_memory
    startup.o(.text) refers to startup.o(HEAP) for HeapMem
    startup.o(.text) refers to startup.o(STACK) for StackMem
    st7735.o(.text) refers to _printf_percent.o(.ARM.Collect$$_printf_percent$$00000000) for _printf_percent
    st7735.o(.text) refers to _printf_d.o(.ARM.Collect$$_printf_percent$$00000009) for _printf_d
[...]
    .ARM.Collect$$libinit$$00000019          0x00000334   Section        0  libinit2.o(.ARM.Collect$$libinit$$00000019)
    .ARM.Collect$$libinit$$0000001B          0x00000334   Section        0  libinit2.o(.ARM.Collect$$libinit$$0000001B)
    .ARM.Collect$$libinit$$0000001D          0x00000334   Section        0  libinit2.o(.ARM.Collect$$libinit$$0000001D)
    .ARM.Collect$$libinit$$0000001F          0x00000334   Section        0  libinit2.o(.ARM.Collect$$libinit$$0000001F)
    .ARM.Collect$$libinit$$00000021          0x00000334   Section        0  libinit2.o(.ARM.Collect$$libinit$$00000021)
    .ARM.Collect$$libinit$$00000023          0x00000334   Section        0  libinit2.o(.ARM.Collect$$libinit$$00000023)
    .ARM.Collect$$libinit$$0000002A          0x00000334   Section        0  libinit2.o(.ARM.Collect$$libinit$$0000002A)
    .ARM.Collect$$libinit$$0000002C          0x00000334   Section        0  libinit2.o(.ARM.Collect$$libinit$$0000002C)
    .ARM.Collect$$libinit$$0000002E          0x00000334   Section        0  libinit2.o(.ARM.Collect$$libinit$$0000002E)
    .ARM.Collect$$libinit$$00000030          0x00000334   Section        0  libinit2.o(.ARM.Collect$$libinit$$00000030)
    .ARM.Collect$$libinit$$00000031          0x00000334   Section        2  libinit2.o(.ARM.Collect$$libinit$$00000031)
    .ARM.Collect$$libshutdown$$00000000      0x00000336   Section        2  libshutdown.o(.ARM.Collect$$libshutdown$$00000000)
    .ARM.Collect$$libshutdown$$00000003      0x00000338   Section        0  libshutdown2.o(.ARM.Collect$$libshutdown$$00000003)
    .ARM.Collect$$libshutdown$$00000006      0x00000338   Section        0  libshutdown2.o(.ARM.Collect$$libshutdown$$00000006)
    .ARM.Collect$$libshutdown$$00000009      0x00000338   Section        0  libshutdown2.o(.ARM.Collect$$libshutdown$$00000009)
    .ARM.Collect$$libshutdown$$0000000B      0x00000338   Section        0  libshutdown2.o(.ARM.Collect$$libshutdown$$0000000B)
    .ARM.Collect$$libshutdown$$0000000E      0x00000338   Section        0  libshutdown2.o(.ARM.Collect$$libshutdown$$0000000E)
    .ARM.Collect$$libshutdown$$0000000F      0x00000338   Section        2  libshutdown2.o(.ARM.Collect$$libshutdown$$0000000F)
    .ARM.Collect$$rtentry$$00000000          0x0000033a   Section        0  rtentry.o(.ARM.Collect$$rtentry$$00000000)
    .ARM.Collect$$rtentry$$00000002          0x0000033a   Section        0  rtentry2.o(.ARM.Collect$$rtentry$$00000002)
    .ARM.Collect$$rtentry$$00000004          0x0000033a   Section        6  rtentry4.o(.ARM.Collect$$rtentry$$00000004)
    .ARM.Collect$$rtentry$$00000009          0x00000340   Section        0  rtentry2.o(.ARM.Collect$$rtentry$$00000009)
    .ARM.Collect$$rtentry$$0000000A          0x00000340   Section        4  rtentry2.o(.ARM.Collect$$rtentry$$0000000A)
    .ARM.Collect$$rtentry$$0000000C          0x00000344   Section        0  rtentry2.o(.ARM.Collect$$rtentry$$0000000C)
    .ARM.Collect$$rtentry$$0000000D          0x00000344   Section        8  rtentry2.o(.ARM.Collect$$rtentry$$0000000D)
    .ARM.Collect$$rtexit$$00000000           0x0000034c   Section        2  rtexit.o(.ARM.Collect$$rtexit$$00000000)
    .ARM.Collect$$rtexit$$00000002           0x0000034e   Section        0  rtexit2.o(.ARM.Collect$$rtexit$$00000002)
    .ARM.Collect$$rtexit$$00000003           0x0000034e   Section        4  rtexit2.o(.ARM.Collect$$rtexit$$00000003)
    .ARM.Collect$$rtexit$$00000004           0x00000352   Section        6  rtexit2.o(.ARM.Collect$$rtexit$$00000004)
    .text                                    0x00000358   Section        0  main.o(.text)
    .text                                    0x00000a00   Section        0  os.o(.text)
    .text                                    0x00000ffc   Section        0  systick.o(.text)
    .text                                    0x000010a4   Section        0  os_time.o(.text)
    .text                                    0x00001214   Section        0  os_fifo.o(.text)
    .text                                    0x00001344   Section        0  os_mailbox.o(.text)
    .text                                    0x00001398   Section        0  os_display.o(.text)
    .text                                    0x00001508   Section        0  os_interpreter.o(.text)
    .text                                    0x000017c0   Section       72  osasm.o(.text)
    .text                                    0x00001808   Section       48  startup.o(.text)
    .text                                    0x00001838   Section        0  pll.o(.text)
    .text                                    0x000018c4   Section        0  st7735.o(.text)
    writecommand                             0x000018c5   Thumb Code    40  st7735.o(.text)
    writedata                                0x000018ed   Thumb Code    24  st7735.o(.text)
    commandList                              0x00001905   Thumb Code    86  st7735.o(.text)
    commonInit                               0x0000195b   Thumb Code   332  st7735.o(.text)
    setAddrWindow                            0x00001af5   Thumb Code   106  st7735.o(.text)
    pushColor                                0x00001b5f   Thumb Code    18  st7735.o(.text)
    .text                                    0x00002620   Section        0  uart.o(.text)
    copyHardwareToSoftware                   0x000027db   Thumb Code    36  uart.o(.text)
    copySoftwareToHardware                   0x000027ff   Thumb Code    38  uart.o(.text)
    .text                                    0x00002a68   Section        0  adc.o(.text)
    .text                                    0x000035ec   Section        0  gpio.o(.text)
    .text                                    0x00003974   Section        0  can.o(.text)
    CANIntNumberGet                          0x00003975   Thumb Code    44  can.o(.text)
    CANRegRead                               0x000039a1   Thumb Code    76  can.o(.text)
    CANRegWrite                              0x000039ed   Thumb Code    24  can.o(.text)
    CANDataRegWrite                          0x00003a05   Thumb Code    54  can.o(.text)
    CANDataRegRead                           0x00003a3b   Thumb Code    54  can.o(.text)
    .text                                    0x00004150   Section        0  can0.o(.text)
    CAN0_Setup_Message_Object                0x000041db   Thumb Code    44  can0.o(.text)
    .text                                    0x00004380   Section        0  timer3.o(.text)
    .text                                    0x000043f0   Section        0  interrupt.o(.text)
    IntDefaultHandler                        0x000043f1   Thumb Code     4  interrupt.o(.text)
    .text                                    0x000046a4   Section        0  ping.o(.text)
    .text                                    0x0000496c   Section        0  pwm.o(.text)
    .text                                    0x00004aac   Section      718  cr4_fft_64_stm32.o(.text)
    .text                                    0x00004d7c   Section        0  __2sprintf.o(.text)
    .text                                    0x00004da8   Section        0  __printf.o(.text)
    .text                                    0x00004e10   Section        0  _printf_dec.o(.text)
    .text                                    0x00004e88   Section        0  strcat.o(.text)
    .text                                    0x00004ea0   Section      128  strcmpv7m.o(.text)
    .text                                    0x00004f20   Section        0  heapauxi.o(.text)
    .text                                    0x00004f26   Section        0  _rserrno.o(.text)
    .text                                    0x00004f3c   Section        0  _printf_intcommon.o(.text)
    .text                                    0x00004ff4   Section        0  _printf_char_common.o(.text)
    _printf_input_char                       0x00004ff5   Thumb Code    10  _printf_char_common.o(.text)
    .text                                    0x00005024   Section        0  _sputc.o(.text)
    .text                                    0x00005030   Section        8  rt_errno_addr_intlibspace.o(.text)
    .text                                    0x00005038   Section        8  libspace.o(.text)
    .text                                    0x00005040   Section       74  sys_stackheap_outer.o(.text)
    .text                                    0x0000508a   Section        0  exit.o(.text)
    .text                                    0x00005098   Section        0  sys_exit.o(.text)
    .text                                    0x000050a4   Section        2  use_no_semi.o(.text)
    .text                                    0x000050a6   Section        0  indicate_semi.o(.text)
    i.__ARM_fpclassify                       0x000050a6   Section        0  fpclassify.o(i.__ARM_fpclassify)
    i.__kernel_poly                          0x000050ce   Section        0  poly.o(i.__kernel_poly)
    i.__mathlib_dbl_underflow                0x00005178   Section        0  dunder.o(i.__mathlib_dbl_underflow)
    i.pow                                    0x00005188   Section        0  pow.o(i.pow)
    i.sqrt                                   0x00005b68   Section        0  sqrt.o(i.sqrt)
    x$fpl$dadd                               0x00005bb4   Section      336  daddsub_clz.o(x$fpl$dadd)
    _dadd1                                   0x00005bc5   Thumb Code     0  daddsub_clz.o(x$fpl$dadd)
    x$fpl$dcheck1                            0x00005d04   Section       16  dcheck1.o(x$fpl$dcheck1)
    x$fpl$dcmpinf                            0x00005d14   Section       24  dcmpi.o(x$fpl$dcmpinf)
    x$fpl$ddiv                               0x00005d2c   Section      688  ddiv.o(x$fpl$ddiv)
    ddiv_entry                               0x00005d33   Thumb Code     0  ddiv.o(x$fpl$ddiv)
    x$fpl$dfix                               0x00005fdc   Section       94  dfix.o(x$fpl$dfix)
    x$fpl$dfixu                              0x0000603c   Section       90  dfixu.o(x$fpl$dfixu)
    x$fpl$dflt                               0x00006096   Section       46  dflt_clz.o(x$fpl$dflt)
    x$fpl$dfltu                              0x000060c4   Section       38  dflt_clz.o(x$fpl$dfltu)
    x$fpl$dleqf                              0x000060ec   Section      120  dleqf.o(x$fpl$dleqf)
    x$fpl$dmul                               0x00006164   Section      340  dmul.o(x$fpl$dmul)
    x$fpl$dnaninf                            0x000062b8   Section      156  dnaninf.o(x$fpl$dnaninf)
    x$fpl$dretinf                            0x00006354   Section       12  dretinf.o(x$fpl$dretinf)
    x$fpl$drleqf                             0x00006360   Section      108  drleqf.o(x$fpl$drleqf)
    x$fpl$drsb                               0x000063cc   Section       22  daddsub_clz.o(x$fpl$drsb)
    x$fpl$dsqrt                              0x000063e4   Section      408  dsqrt_umaal.o(x$fpl$dsqrt)
    x$fpl$dsub                               0x0000657c   Section      468  daddsub_clz.o(x$fpl$dsub)
    _dsub1                                   0x0000658d   Thumb Code     0  daddsub_clz.o(x$fpl$dsub)
    x$fpl$retnan                             0x00006750   Section      100  retnan.o(x$fpl$retnan)
    x$fpl$scalbn                             0x000067b4   Section       92  scalbn.o(x$fpl$scalbn)
    x$fpl$trapveneer                         0x00006810   Section       48  trapv.o(x$fpl$trapveneer)
    .constdata                               0x00006840   Section      204  main.o(.constdata)
    x$fpl$usenofp                            0x00006840   Section        0  usenofp.o(x$fpl$usenofp)
    .constdata                               0x0000690c   Section     2018  st7735.o(.constdata)
    Font                                     0x0000690c   Data        1275  st7735.o(.constdata)
    Bcmd                                     0x00006e07   Data         103  st7735.o(.constdata)
    Rcmd1                                    0x00006e6e   Data          59  st7735.o(.constdata)
    Rcmd2green                               0x00006ea9   Data          13  st7735.o(.constdata)
    Rcmd2red                                 0x00006eb6   Data          13  st7735.o(.constdata)
    Rcmd3                                    0x00006ec3   Data          43  st7735.o(.constdata)
    .constdata                               0x000070ee   Section       18  can.o(.constdata)
    g_usCANBitValues                         0x000070ee   Data          18  can.o(.constdata)
    .constdata                               0x00007100   Section      104  interrupt.o(.constdata)
    g_pulPriority                            0x00007100   Data          32  interrupt.o(.constdata)
    g_pulRegs                                0x00007120   Data          72  interrupt.o(.constdata)
    .constdata                               0x00007168   Section      136  pow.o(.constdata)
    bp                                       0x00007168   Data          16  pow.o(.constdata)
    dp_h                                     0x00007178   Data          16  pow.o(.constdata)
    dp_l                                     0x00007188   Data          16  pow.o(.constdata)
    L                                        0x00007198   Data          48  pow.o(.constdata)
    P                                        0x000071c8   Data          40  pow.o(.constdata)
    .constdata                               0x000071f0   Section        8  qnan.o(.constdata)
    .conststring                             0x000071f8   Section       89  os_interpreter.o(.conststring)
    .data                                    0x20000000   Section       60  main.o(.data)
    count                                    0x20000016   Data           2  main.o(.data)
    xCount                                   0x20000018   Data           4  main.o(.data)
    xCount2                                  0x2000001c   Data           4  main.o(.data)
    duty                                     0x20000020   Data           4  main.o(.data)
    .data                                    0x2000003c   Section       28  os.o(.data)
    .data                                    0x20000058   Section       16  os_time.o(.data)
    .data                                    0x20000068   Section        8  os_fifo.o(.data)
    .data                                    0x20000070   Section        4  os_mailbox.o(.data)
    .data                                    0x20000074   Section       60  os_interpreter.o(.data)
    CMD_CharCount                            0x200000a8   Data           4  os_interpreter.o(.data)
    .data                                    0x200000b0   Section       24  st7735.o(.data)
    _width                                   0x200000b0   Data           2  st7735.o(.data)
    _height                                  0x200000b2   Data           2  st7735.o(.data)
    ColStart                                 0x200000b4   Data           1  st7735.o(.data)
    RowStart                                 0x200000b5   Data           1  st7735.o(.data)
    Rotation                                 0x200000b6   Data           1  st7735.o(.data)
    TabColor                                 0x200000b7   Data           1  st7735.o(.data)
    .data                                    0x200000c8   Section       16  uart.o(.data)
    .data                                    0x200000d8   Section        8  adc.o(.data)
    delay                                    0x200000d8   Data           4  adc.o(.data)
    ADC_TimerFrequency                       0x200000dc   Data           4  adc.o(.data)
    .data                                    0x200000e0   Section       20  gpio.o(.data)
    lastPF0                                  0x200000e8   Data           1  gpio.o(.data)
    lastPF4                                  0x200000e9   Data           1  gpio.o(.data)
    currentPF0                               0x200000ea   Data           1  gpio.o(.data)
    currentPF4                               0x200000eb   Data           1  gpio.o(.data)
    .data                                    0x200000f4   Section       12  can0.o(.data)
    RCVData                                  0x200000f4   Data           8  can0.o(.data)
    MailFlag                                 0x200000fc   Data           4  can0.o(.data)
    .data                                    0x20000100   Section        4  timer3.o(.data)
    .data                                    0x20000104   Section       44  ping.o(.data)
    startTime1                               0x20000104   Data           4  ping.o(.data)
    startTime2                               0x20000108   Data           4  ping.o(.data)
    startTime3                               0x2000010c   Data           4  ping.o(.data)
    startTime4                               0x20000110   Data           4  ping.o(.data)
    data                                     0x20000114   Data           4  ping.o(.data)
    time                                     0x20000118   Data           4  ping.o(.data)
    vtable                                   0x20000130   Section      620  interrupt.o(vtable)
    g_pfnRAMVectors                          0x20000130   Data         620  interrupt.o(vtable)
    .bss                                     0x2000039c   Section     2912  main.o(.bss)
    .bss                                     0x20000efc   Section    12760  os.o(.bss)
    .bss                                     0x200040d4   Section      536  os_fifo.o(.bss)
    OSFifo                                   0x200040d4   Data         512  os_fifo.o(.bss)
    .bss                                     0x200042ec   Section       24  os_mailbox.o(.bss)
    .bss                                     0x20004304   Section       12  os_display.o(.bss)
    .bss                                     0x20004310   Section      210  os_interpreter.o(.bss)
    .bss                                     0x200043e2   Section       32  uart.o(.bss)
    RxFifo                                   0x200043e2   Data          16  uart.o(.bss)
    TxFifo                                   0x200043f2   Data          16  uart.o(.bss)
    .bss                                     0x20004404   Section      296  adc.o(.bss)
    callbacks                                0x200044cc   Data          32  adc.o(.bss)
    spinTarget                               0x200044ec   Data          32  adc.o(.bss)
    spinCurrent                              0x2000450c   Data          32  adc.o(.bss)
    .bss                                     0x2000452c   Section       96  libspace.o(.bss)
    HEAP                                     0x20004590   Section        0  startup.o(HEAP)
    STACK                                    0x20004590   Section     1024  startup.o(STACK)
    HeapMem                                  0x20004590   Data           0  startup.o(HEAP)
    StackMem                                 0x20004590   Data           0  startup.o(STACK)

    Global Symbols

    Symbol Name                              Value     Ov Type        Size  Object(Section)

    BuildAttributes$$THM_ISAv4$E$P$D$K$B$S$7EM$PE$A:L22UL41UL21$X:L11$S22US41US21$IEEE1$IW$USESV6$~STKCKD$USESV7$~SHL$OTIME$ROPI$IEEEX$EBA8$UX$STANDARDLIB$REQ8$EABIv2 0x00000000   Number         0  anon$$obj.o ABSOLUTE
    __ARM_use_no_argv                        0x00000000   Number         0  main.o ABSOLUTE
    __Vectors                                0x00000000   Data           0  startup.o(RESET)
    _printf_flags                            0x00000000   Number         0  printf_stubs.o ABSOLUTE
    _printf_return_value                     0x00000000   Number         0  printf_stubs.o ABSOLUTE
    _printf_sizespec                         0x00000000   Number         0  printf_stubs.o ABSOLUTE
    _printf_widthprec                        0x00000000   Number         0  printf_stubs.o ABSOLUTE
    __ARM_exceptions_init                     - Undefined Weak Reference
    __alloca_initialize                       - Undefined Weak Reference
    __cpp_initialize__aeabi_                  - Undefined Weak Reference
    __cxa_finalize                            - Undefined Weak Reference
    __rt_locale                               - Undefined Weak Reference
    __sigvec_lookup                           - Undefined Weak Reference
    _atexit_init                              - Undefined Weak Reference
    _call_atexit_fns                          - Undefined Weak Reference
    _clock_init                               - Undefined Weak Reference
    _fp_trap_init                             - Undefined Weak Reference
    _fp_trap_shutdown                         - Undefined Weak Reference
    _get_lc_collate                           - Undefined Weak Reference
    _get_lc_ctype                             - Undefined Weak Reference
    _get_lc_monetary                          - Undefined Weak Reference
    _get_lc_numeric                           - Undefined Weak Reference
    _get_lc_time                              - Undefined Weak Reference
    _getenv_init                              - Undefined Weak Reference
    _handle_redirection                       - Undefined Weak Reference
    _init_alloc                               - Undefined Weak Reference
    _init_user_alloc                          - Undefined Weak Reference
    _initio                                   - Undefined Weak Reference
    _printf_post_padding                      - Undefined Weak Reference
    _printf_pre_padding                       - Undefined Weak Reference
    _printf_truncate_signed                   - Undefined Weak Reference
    _printf_truncate_unsigned                 - Undefined Weak Reference
    _rand_init                                - Undefined Weak Reference
    _signal_finish                            - Undefined Weak Reference
    _signal_init                              - Undefined Weak Reference
    _terminate_alloc                          - Undefined Weak Reference
    _terminate_user_alloc                     - Undefined Weak Reference
    _terminateio                              - Undefined Weak Reference
    Reset_Handler                            0x0000026d   Thumb Code     0  startup.o(RESET)
    NMI_Handler                              0x00000281   Thumb Code     2  startup.o(RESET)
    HardFault_Handler                        0x00000283   Thumb Code     2  startup.o(RESET)
    MemManage_Handler                        0x00000285   Thumb Code     2  startup.o(RESET)
    BusFault_Handler                         0x00000287   Thumb Code     2  startup.o(RESET)
    UsageFault_Handler                       0x00000289   Thumb Code     2  startup.o(RESET)
    SVC_Handler                              0x0000028b   Thumb Code     2  startup.o(RESET)
    DebugMon_Handler                         0x0000028d   Thumb Code     2  startup.o(RESET)
    CAN1_Handler                             0x00000293   Thumb Code     0  startup.o(RESET)
    CAN2_Handler                             0x00000293   Thumb Code     0  startup.o(RESET)
    Comp0_Handler                            0x00000293   Thumb Code     0  startup.o(RESET)
    Comp1_Handler                            0x00000293   Thumb Code     0  startup.o(RESET)
    Comp2_Handler                            0x00000293   Thumb Code     0  startup.o(RESET)
    Ethernet_Handler                         0x00000293   Thumb Code     0  startup.o(RESET)
    ExtBus_Handler                           0x00000293   Thumb Code     0  startup.o(RESET)
    FPU_Handler                              0x00000293   Thumb Code     0  startup.o(RESET)
    Fan0_Handler                             0x00000293   Thumb Code     0  startup.o(RESET)
    FlashCtl_Handler                         0x00000293   Thumb Code     0  startup.o(RESET)
    GPIOPortA_Handler                        0x00000293   Thumb Code     0  startup.o(RESET)
    GPIOPortC_Handler                        0x00000293   Thumb Code     0  startup.o(RESET)
    GPIOPortD_Handler                        0x00000293   Thumb Code     0  startup.o(RESET)
    GPIOPortE_Handler                        0x00000293   Thumb Code     0  startup.o(RESET)
    GPIOPortG_Handler                        0x00000293   Thumb Code     0  startup.o(RESET)
    GPIOPortH_Handler                        0x00000293   Thumb Code     0  startup.o(RESET)
    GPIOPortJ_Handler                        0x00000293   Thumb Code     0  startup.o(RESET)
    GPIOPortK_Handler                        0x00000293   Thumb Code     0  startup.o(RESET)
    GPIOPortL_Handler                        0x00000293   Thumb Code     0  startup.o(RESET)
    GPIOPortM_Handler                        0x00000293   Thumb Code     0  startup.o(RESET)
    GPIOPortN_Handler                        0x00000293   Thumb Code     0  startup.o(RESET)
    GPIOPortP1_Handler                       0x00000293   Thumb Code     0  startup.o(RESET)
    GPIOPortP2_Handler                       0x00000293   Thumb Code     0  startup.o(RESET)
    GPIOPortP3_Handler                       0x00000293   Thumb Code     0  startup.o(RESET)
    GPIOPortP4_Handler                       0x00000293   Thumb Code     0  startup.o(RESET)
    GPIOPortP5_Handler                       0x00000293   Thumb Code     0  startup.o(RESET)
    GPIOPortP6_Handler                       0x00000293   Thumb Code     0  startup.o(RESET)
    GPIOPortP7_Handler                       0x00000293   Thumb Code     0  startup.o(RESET)
    GPIOPortP_Handler                        0x00000293   Thumb Code     0  startup.o(RESET)
    GPIOPortQ1_Handler                       0x00000293   Thumb Code     0  startup.o(RESET)
    GPIOPortQ2_Handler                       0x00000293   Thumb Code     0  startup.o(RESET)
    GPIOPortQ3_Handler                       0x00000293   Thumb Code     0  startup.o(RESET)
    GPIOPortQ4_Handler                       0x00000293   Thumb Code     0  startup.o(RESET)
    GPIOPortQ5_Handler                       0x00000293   Thumb Code     0  startup.o(RESET)
    GPIOPortQ6_Handler                       0x00000293   Thumb Code     0  startup.o(RESET)
    GPIOPortQ7_Handler                       0x00000293   Thumb Code     0  startup.o(RESET)
    GPIOPortQ_Handler                        0x00000293   Thumb Code     0  startup.o(RESET)
    GPIOPortR_Handler                        0x00000293   Thumb Code     0  startup.o(RESET)
    GPIOPortS_Handler                        0x00000293   Thumb Code     0  startup.o(RESET)
    Hibernate_Handler                        0x00000293   Thumb Code     0  startup.o(RESET)
    I2C0_Handler                             0x00000293   Thumb Code     0  startup.o(RESET)
    I2C1_Handler                             0x00000293   Thumb Code     0  startup.o(RESET)
    I2C2_Handler                             0x00000293   Thumb Code     0  startup.o(RESET)
    I2C3_Handler                             0x00000293   Thumb Code     0  startup.o(RESET)
    I2C4_Handler                             0x00000293   Thumb Code     0  startup.o(RESET)
    I2C5_Handler                             0x00000293   Thumb Code     0  startup.o(RESET)
    I2S0_Handler                             0x00000293   Thumb Code     0  startup.o(RESET)
    LPC0_Handler                             0x00000293   Thumb Code     0  startup.o(RESET)
    PECI0_Handler                            0x00000293   Thumb Code     0  startup.o(RESET)
    PWM0Fault_Handler                        0x00000293   Thumb Code     0  startup.o(RESET)
    PWM0Generator0_Handler                   0x00000293   Thumb Code     0  startup.o(RESET)
    PWM0Generator1_Handler                   0x00000293   Thumb Code     0  startup.o(RESET)
    PWM0Generator2_Handler                   0x00000293   Thumb Code     0  startup.o(RESET)
    PWM0Generator3_Handler                   0x00000293   Thumb Code     0  startup.o(RESET)
    PWM1Fault_Handler                        0x00000293   Thumb Code     0  startup.o(RESET)
    PWM1Generator0_Handler                   0x00000293   Thumb Code     0  startup.o(RESET)
    PWM1Generator1_Handler                   0x00000293   Thumb Code     0  startup.o(RESET)
    PWM1Generator2_Handler                   0x00000293   Thumb Code     0  startup.o(RESET)
    PWM1Generator3_Handler                   0x00000293   Thumb Code     0  startup.o(RESET)
    Quadrature0_Handler                      0x00000293   Thumb Code     0  startup.o(RESET)
    Quadrature1_Handler                      0x00000293   Thumb Code     0  startup.o(RESET)
    Quadrature2_Handler                      0x00000293   Thumb Code     0  startup.o(RESET)
    SSI0_Handler                             0x00000293   Thumb Code     0  startup.o(RESET)
    SSI1_Handler                             0x00000293   Thumb Code     0  startup.o(RESET)
    SSI2_Handler                             0x00000293   Thumb Code     0  startup.o(RESET)
    SSI3_Handler                             0x00000293   Thumb Code     0  startup.o(RESET)
    SysCtl_Handler                           0x00000293   Thumb Code     0  startup.o(RESET)
    Timer0A_Handler                          0x00000293   Thumb Code     0  startup.o(RESET)
    Timer0B_Handler                          0x00000293   Thumb Code     0  startup.o(RESET)
    Timer1B_Handler                          0x00000293   Thumb Code     0  startup.o(RESET)
    Timer2A_Handler                          0x00000293   Thumb Code     0  startup.o(RESET)
    Timer2B_Handler                          0x00000293   Thumb Code     0  startup.o(RESET)
    Timer3B_Handler                          0x00000293   Thumb Code     0  startup.o(RESET)
    Timer4A_Handler                          0x00000293   Thumb Code     0  startup.o(RESET)
    Timer4B_Handler                          0x00000293   Thumb Code     0  startup.o(RESET)
    Timer5A_Handler                          0x00000293   Thumb Code     0  startup.o(RESET)
    Timer5B_Handler                          0x00000293   Thumb Code     0  startup.o(RESET)
    UART1_Handler                            0x00000293   Thumb Code     0  startup.o(RESET)
    UART2_Handler                            0x00000293   Thumb Code     0  startup.o(RESET)
    UART3_Handler                            0x00000293   Thumb Code     0  startup.o(RESET)
    UART4_Handler                            0x00000293   Thumb Code     0  startup.o(RESET)
    UART5_Handler                            0x00000293   Thumb Code     0  startup.o(RESET)
    UART6_Handler                            0x00000293   Thumb Code     0  startup.o(RESET)
    UART7_Handler                            0x00000293   Thumb Code     0  startup.o(RESET)
    USB0_Handler                             0x00000293   Thumb Code     0  startup.o(RESET)
    WDT_Handler                              0x00000293   Thumb Code     0  startup.o(RESET)
    WideTimer0A_Handler                      0x00000293   Thumb Code     0  startup.o(RESET)
    WideTimer0B_Handler                      0x00000293   Thumb Code     0  startup.o(RESET)
    WideTimer1A_Handler                      0x00000293   Thumb Code     0  startup.o(RESET)
    WideTimer1B_Handler                      0x00000293   Thumb Code     0  startup.o(RESET)
    WideTimer2A_Handler                      0x00000293   Thumb Code     0  startup.o(RESET)
    WideTimer2B_Handler                      0x00000293   Thumb Code     0  startup.o(RESET)
    WideTimer3A_Handler                      0x00000293   Thumb Code     0  startup.o(RESET)
    WideTimer3B_Handler                      0x00000293   Thumb Code     0  startup.o(RESET)
    WideTimer4A_Handler                      0x00000293   Thumb Code     0  startup.o(RESET)
    WideTimer4B_Handler                      0x00000293   Thumb Code     0  startup.o(RESET)
    WideTimer5A_Handler                      0x00000293   Thumb Code     0  startup.o(RESET)
    WideTimer5B_Handler                      0x00000293   Thumb Code     0  startup.o(RESET)
    uDMA_Error                               0x00000293   Thumb Code     0  startup.o(RESET)
    uDMA_Handler                             0x00000293   Thumb Code     0  startup.o(RESET)
    __main                                   0x00000295   Thumb Code     8  __main.o(!!!main)
    __scatterload                            0x0000029d   Thumb Code     0  __scatter.o(!!!scatter)
    __scatterload_rt2                        0x0000029d   Thumb Code    44  __scatter.o(!!!scatter)
    __scatterload_rt2_thumb_only             0x0000029d   Thumb Code     0  __scatter.o(!!!scatter)
    __scatterload_null                       0x000002ab   Thumb Code     0  __scatter.o(!!!scatter)
    __decompress                             0x000002d1   Thumb Code    58  __dczerorl.o(!!dczerorl)
    __decompress0                            0x000002d1   Thumb Code     0  __dczerorl.o(!!dczerorl)
    __scatterload_zeroinit                   0x0000030d   Thumb Code    28  __scatter_zi.o(!!handler_zi)
    _printf_d                                0x00000329   Thumb Code     0  _printf_d.o(.ARM.Collect$$_printf_percent$$00000009)
    _printf_percent                          0x00000329   Thumb Code     0  _printf_percent.o(.ARM.Collect$$_printf_percent$$00000000)
    _printf_percent_end                      0x0000032f   Thumb Code     0  _printf_percent_end.o(.ARM.Collect$$_printf_percent$$00000017)
    __rt_lib_init                            0x00000333   Thumb Code     0  libinit.o(.ARM.Collect$$libinit$$00000000)
    __rt_lib_init_alloca_1                   0x00000335   Thumb Code     0  libinit2.o(.ARM.Collect$$libinit$$0000002C)
    __rt_lib_init_argv_1                     0x00000335   Thumb Code     0  libinit2.o(.ARM.Collect$$libinit$$0000002A)
    __rt_lib_init_atexit_1                   0x00000335   Thumb Code     0  libinit2.o(.ARM.Collect$$libinit$$00000019)
    __rt_lib_init_clock_1                    0x00000335   Thumb Code     0  libinit2.o(.ARM.Collect$$libinit$$0000001F)
    __rt_lib_init_cpp_1                      0x00000335   Thumb Code     0  libinit2.o(.ARM.Collect$$libinit$$00000030)
    __rt_lib_init_exceptions_1               0x00000335   Thumb Code     0  libinit2.o(.ARM.Collect$$libinit$$0000002E)
    __rt_lib_init_fp_1                       0x00000335   Thumb Code     0  libinit2.o(.ARM.Collect$$libinit$$00000002)
    __rt_lib_init_fp_trap_1                  0x00000335   Thumb Code     0  libinit2.o(.ARM.Collect$$libinit$$0000001D)
    __rt_lib_init_getenv_1                   0x00000335   Thumb Code     0  libinit2.o(.ARM.Collect$$libinit$$00000021)
    __rt_lib_init_heap_1                     0x00000335   Thumb Code     0  libinit2.o(.ARM.Collect$$libinit$$00000008)
    __rt_lib_init_lc_collate_1               0x00000335   Thumb Code     0  libinit2.o(.ARM.Collect$$libinit$$0000000F)
    __rt_lib_init_lc_ctype_1                 0x00000335   Thumb Code     0  libinit2.o(.ARM.Collect$$libinit$$00000011)
    __rt_lib_init_lc_monetary_1              0x00000335   Thumb Code     0  libinit2.o(.ARM.Collect$$libinit$$00000013)
    __rt_lib_init_lc_numeric_1               0x00000335   Thumb Code     0  libinit2.o(.ARM.Collect$$libinit$$00000015)
    __rt_lib_init_lc_time_1                  0x00000335   Thumb Code     0  libinit2.o(.ARM.Collect$$libinit$$00000017)
    __rt_lib_init_rand_1                     0x00000335   Thumb Code     0  libinit2.o(.ARM.Collect$$libinit$$0000000C)
    __rt_lib_init_return                     0x00000335   Thumb Code     0  libinit2.o(.ARM.Collect$$libinit$$00000031)
    __rt_lib_init_signal_1                   0x00000335   Thumb Code     0  libinit2.o(.ARM.Collect$$libinit$$0000001B)
    __rt_lib_init_stdio_1                    0x00000335   Thumb Code     0  libinit2.o(.ARM.Collect$$libinit$$00000023)
    __rt_lib_init_user_alloc_1               0x00000335   Thumb Code     0  libinit2.o(.ARM.Collect$$libinit$$0000000A)
    __rt_lib_shutdown                        0x00000337   Thumb Code     0  libshutdown.o(.ARM.Collect$$libshutdown$$00000000)
    __rt_lib_shutdown_fp_trap_1              0x00000339   Thumb Code     0  libshutdown2.o(.ARM.Collect$$libshutdown$$00000006)
    __rt_lib_shutdown_heap_1                 0x00000339   Thumb Code     0  libshutdown2.o(.ARM.Collect$$libshutdown$$0000000E)
    __rt_lib_shutdown_return                 0x00000339   Thumb Code     0  libshutdown2.o(.ARM.Collect$$libshutdown$$0000000F)
    __rt_lib_shutdown_signal_1               0x00000339   Thumb Code     0  libshutdown2.o(.ARM.Collect$$libshutdown$$00000009)
    __rt_lib_shutdown_stdio_1                0x00000339   Thumb Code     0  libshutdown2.o(.ARM.Collect$$libshutdown$$00000003)
    __rt_lib_shutdown_user_alloc_1           0x00000339   Thumb Code     0  libshutdown2.o(.ARM.Collect$$libshutdown$$0000000B)
    __rt_entry                               0x0000033b   Thumb Code     0  rtentry.o(.ARM.Collect$$rtentry$$00000000)
    __rt_entry_presh_1                       0x0000033b   Thumb Code     0  rtentry2.o(.ARM.Collect$$rtentry$$00000002)
    __rt_entry_sh                            0x0000033b   Thumb Code     0  rtentry4.o(.ARM.Collect$$rtentry$$00000004)
    __rt_entry_li                            0x00000341   Thumb Code     0  rtentry2.o(.ARM.Collect$$rtentry$$0000000A)
    __rt_entry_postsh_1                      0x00000341   Thumb Code     0  rtentry2.o(.ARM.Collect$$rtentry$$00000009)
    __rt_entry_main                          0x00000345   Thumb Code     0  rtentry2.o(.ARM.Collect$$rtentry$$0000000D)
    __rt_entry_postli_1                      0x00000345   Thumb Code     0  rtentry2.o(.ARM.Collect$$rtentry$$0000000C)
    __rt_exit                                0x0000034d   Thumb Code     0  rtexit.o(.ARM.Collect$$rtexit$$00000000)
    __rt_exit_ls                             0x0000034f   Thumb Code     0  rtexit2.o(.ARM.Collect$$rtexit$$00000003)
    __rt_exit_prels_1                        0x0000034f   Thumb Code     0  rtexit2.o(.ARM.Collect$$rtexit$$00000002)
    __rt_exit_exit                           0x00000353   Thumb Code     0  rtexit2.o(.ARM.Collect$$rtexit$$00000004)
    square_rt                                0x00000359   Thumb Code    32  main.o(.text)
    FFT                                      0x00000379   Thumb Code    14  main.o(.text)
    filter                                   0x00000387   Thumb Code    54  main.o(.text)
    Producer                                 0x000003bd   Thumb Code    24  main.o(.text)
    Consumer                                 0x000003d5   Thumb Code   276  main.o(.text)
    Display                                  0x000004e9   Thumb Code    20  main.o(.text)
    ButtonWork                               0x000004fd   Thumb Code    62  main.o(.text)
    ButtonWork2                              0x0000053b   Thumb Code    30  main.o(.text)
    SW1Push                                  0x00000559   Thumb Code    16  main.o(.text)
    SW2Push                                  0x00000569   Thumb Code    16  main.o(.text)
    PlotMacqInit                             0x00000579   Thumb Code    12  main.o(.text)
    PlotMacqAdd                              0x00000585   Thumb Code    76  main.o(.text)
    PlotMacqClear                            0x000005d1   Thumb Code    26  main.o(.text)
    Oscilloscope                             0x000005eb   Thumb Code   140  main.o(.text)
    CAN_Rx                                   0x00000677   Thumb Code    46  main.o(.text)
    CAN_Tx                                   0x000006a5   Thumb Code    10  main.o(.text)
    PortF_Init                               0x000006af   Thumb Code    82  main.o(.text)
    PingProcessTime                          0x00000701   Thumb Code   574  main.o(.text)
    PWM_Work                                 0x0000093f   Thumb Code    38  main.o(.text)
    main                                     0x00000965   Thumb Code   108  main.o(.text)
    linkTCB                                  0x00000a01   Thumb Code    80  os.o(.text)
    unlinkTCB                                0x00000a51   Thumb Code    64  os.o(.text)
    OS_Id                                    0x00000a91   Thumb Code     8  os.o(.text)
    SetInitialStack                          0x00000a99   Thumb Code   278  os.o(.text)
    OS_AddThread                             0x00000baf   Thumb Code   146  os.o(.text)
    OS_AddSW1Task                            0x00000c41   Thumb Code    18  os.o(.text)
    OS_AddSWTask                             0x00000c53   Thumb Code    22  os.o(.text)
    Timer1A_Handler                          0x00000c69   Thumb Code    74  os.o(.text)
    OS_AddPeriodicThread                     0x00000cb3   Thumb Code    64  os.o(.text)
    OS_Suspend                               0x00000cf3   Thumb Code    18  os.o(.text)
    OS_Kill                                  0x00000d05   Thumb Code    38  os.o(.text)
    OS_InitSemaphore                         0x00000d2b   Thumb Code    26  os.o(.text)
    OS_Wait                                  0x00000d45   Thumb Code    66  os.o(.text)
    OS_bWait                                 0x00000d87   Thumb Code    64  os.o(.text)
    OS_Signal                                0x00000dc7   Thumb Code    48  os.o(.text)
    OS_bSignal                               0x00000df7   Thumb Code    46  os.o(.text)
    OS_Sleep                                 0x00000e25   Thumb Code    58  os.o(.text)
    DecrementSleep                           0x00000e5f   Thumb Code   150  os.o(.text)
    OS_Init                                  0x00000ef5   Thumb Code    64  os.o(.text)
    NoCrash                                  0x00000f35   Thumb Code     4  os.o(.text)
    OS_Launch                                0x00000f39   Thumb Code    82  os.o(.text)
    SysTick_Handler                          0x00000f8b   Thumb Code    74  os.o(.text)
    SysTick_Init                             0x00000ffd   Thumb Code    24  systick.o(.text)
    SysTick_InitInt                          0x00001015   Thumb Code    58  systick.o(.text)
    SysTick_Wait                             0x0000104f   Thumb Code    32  systick.o(.text)
    SysTick_Wait10ms                         0x0000106f   Thumb Code    22  systick.o(.text)
    SysTick_Wait1ms                          0x00001085   Thumb Code    24  systick.o(.text)
    OS_Time                                  0x000010a5   Thumb Code     6  os_time.o(.text)
    OS_TimeDifference                        0x000010ab   Thumb Code     6  os_time.o(.text)
    OS_ClearMsTime                           0x000010b1   Thumb Code    22  os_time.o(.text)
    OS_MsTime                                0x000010c7   Thumb Code    22  os_time.o(.text)
    OS_ClearPeriodicTime                     0x000010dd   Thumb Code    22  os_time.o(.text)
    OS_ReadPeriodicTime                      0x000010f3   Thumb Code    22  os_time.o(.text)
    RunTimeUpdate                            0x00001109   Thumb Code    48  os_time.o(.text)
    OS_InitSystemTime                        0x00001139   Thumb Code    70  os_time.o(.text)
    OS_InitPeriodicTimer                     0x0000117f   Thumb Code   120  os_time.o(.text)
    OSFifo_Init                              0x00001215   Thumb Code    26  os_fifo.o(.text)
    OSFifo_Put                               0x0000122f   Thumb Code    42  os_fifo.o(.text)
    OSFifo_Get                               0x00001259   Thumb Code    56  os_fifo.o(.text)
    OSFifo_Size                              0x00001291   Thumb Code    54  os_fifo.o(.text)
    OS_Fifo_Init                             0x000012c7   Thumb Code    26  os_fifo.o(.text)
    OS_Fifo_Put                              0x000012e1   Thumb Code    42  os_fifo.o(.text)
    OS_Fifo_Get                              0x0000130b   Thumb Code    24  os_fifo.o(.text)
    OS_Fifo_Size                             0x00001323   Thumb Code     8  os_fifo.o(.text)
    OS_MailBox_Init                          0x00001345   Thumb Code    26  os_mailbox.o(.text)
    OS_MailBox_Send                          0x0000135f   Thumb Code    22  os_mailbox.o(.text)
    OS_MailBox_Recv                          0x00001375   Thumb Code    22  os_mailbox.o(.text)
    OS_Display_Init                          0x00001399   Thumb Code    22  os_display.o(.text)
    OS_DisplayResetMessage                   0x000013af   Thumb Code    20  os_display.o(.text)
    OS_DisplayClearLine                      0x000013c3   Thumb Code    28  os_display.o(.text)
    OS_DisplayMessage                        0x000013df   Thumb Code    40  os_display.o(.text)
    OS_DisplayRunTime                        0x00001407   Thumb Code    38  os_display.o(.text)
    OS_DisplayUnknownCMD_Flash               0x0000142d   Thumb Code    20  os_display.o(.text)
    OS_DisplayInterpreter                    0x00001441   Thumb Code    28  os_display.o(.text)
    OS_Display                               0x0000145d   Thumb Code    40  os_display.o(.text)
    OS_PlotPoint                             0x00001485   Thumb Code    24  os_display.o(.text)
    OS_PlotBar                               0x0000149d   Thumb Code    24  os_display.o(.text)
    OS_PlotdBfs                              0x000014b5   Thumb Code    24  os_display.o(.text)
    OS_PlotNext                              0x000014cd   Thumb Code    20  os_display.o(.text)
    OS_PlotClear                             0x000014e1   Thumb Code    28  os_display.o(.text)
    OS_Interpreter_Init                      0x00001509   Thumb Code    22  os_interpreter.o(.text)
    OS_UART_InChar                           0x0000151f   Thumb Code    24  os_interpreter.o(.text)
    OS_UART_OutChar                          0x00001537   Thumb Code    24  os_interpreter.o(.text)
    OS_UART_OutString                        0x0000154f   Thumb Code    24  os_interpreter.o(.text)
    OS_UART_InUDec                           0x00001567   Thumb Code    24  os_interpreter.o(.text)
    OS_UART_OutUDec                          0x0000157f   Thumb Code    24  os_interpreter.o(.text)
    OS_UART_InUHex                           0x00001597   Thumb Code    24  os_interpreter.o(.text)
    OS_UART_OutUHex                          0x000015af   Thumb Code    24  os_interpreter.o(.text)
    OS_UART_InString                         0x000015c7   Thumb Code    28  os_interpreter.o(.text)
    OS_UART_RX_FifoSize                      0x000015e3   Thumb Code    24  os_interpreter.o(.text)
    OS_UART_SendHelp                         0x000015fb   Thumb Code    50  os_interpreter.o(.text)
    OS_UpdateSystemState                     0x0000162d   Thumb Code    64  os_interpreter.o(.text)
    UART_Interpreter                         0x0000166d   Thumb Code   186  os_interpreter.o(.text)
    OS_ProcessInterpreter                    0x00001727   Thumb Code    26  os_interpreter.o(.text)
    StartOS                                  0x000017c1   Thumb Code     2  osasm.o(.text)
    PendSV_Handler                           0x000017e1   Thumb Code     0  osasm.o(.text)
    DisableInterrupts                        0x00001809   Thumb Code     0  startup.o(.text)
    EnableInterrupts                         0x0000180d   Thumb Code     0  startup.o(.text)
    StartCritical                            0x00001811   Thumb Code     0  startup.o(.text)
    EndCritical                              0x00001819   Thumb Code     0  startup.o(.text)
    WaitForInterrupt                         0x0000181f   Thumb Code     0  startup.o(.text)
    __user_initial_stackheap                 0x00001823   Thumb Code     0  startup.o(.text)
    PLL_Init                                 0x00001839   Thumb Code   134  pll.o(.text)
    ST7735_InitB                             0x00001aa7   Thumb Code    10  st7735.o(.text)
    ST7735_InitR                             0x00001ab1   Thumb Code    68  st7735.o(.text)
    ST7735_DrawPixel                         0x00001b71   Thumb Code    68  st7735.o(.text)
    ST7735_DrawFastVLine                     0x00001bb5   Thumb Code   124  st7735.o(.text)
    ST7735_DrawFastHLine                     0x00001c31   Thumb Code   212  st7735.o(.text)
    ST7735_FillRect                          0x00001d05   Thumb Code   164  st7735.o(.text)
    ST7735_FillScreen                        0x00001da9   Thumb Code    28  st7735.o(.text)
    ST7735_Color565                          0x00001dc5   Thumb Code    24  st7735.o(.text)
    ST7735_SwapColor                         0x00001ddd   Thumb Code    18  st7735.o(.text)
    ST7735_DrawBitmap                        0x00001def   Thumb Code   280  st7735.o(.text)
    ST7735_DrawCharS                         0x00001f07   Thumb Code   238  st7735.o(.text)
    ST7735_DrawChar                          0x00001ff5   Thumb Code   284  st7735.o(.text)
    ST7735_SetRotation                       0x00002111   Thumb Code   196  st7735.o(.text)
    ST7735_InvertDisplay                     0x000021d5   Thumb Code    22  st7735.o(.text)
    ST7735_PlotClear                         0x000021eb   Thumb Code    62  st7735.o(.text)
    ST7735_PlotPoint                         0x00002229   Thumb Code    80  st7735.o(.text)
    ST7735_PlotBar                           0x00002279   Thumb Code    74  st7735.o(.text)
    ST7735_PlotdBfs                          0x000022c3   Thumb Code    54  st7735.o(.text)
    ST7735_PlotNext                          0x000022f9   Thumb Code    28  st7735.o(.text)
    clearString                              0x00002315   Thumb Code    18  st7735.o(.text)
    longToString                             0x00002327   Thumb Code    76  st7735.o(.text)
    ST7735_DrawString                        0x00002373   Thumb Code    66  st7735.o(.text)
    ST7735_ClearLine                         0x000023b5   Thumb Code    52  st7735.o(.text)
    ST7735_ResetMessage                      0x000023e9   Thumb Code    82  st7735.o(.text)
    ST7735_Message                           0x0000243b   Thumb Code   132  st7735.o(.text)
    ST7735_DisplayRunTime                    0x000024bf   Thumb Code   212  st7735.o(.text)
    ST7735_NoDisplayRunTime                  0x00002593   Thumb Code    12  st7735.o(.text)
    ST7735_UnknownCMD_Flash                  0x0000259f   Thumb Code    28  st7735.o(.text)
    ST7735_Interpreter                       0x000025bb   Thumb Code    76  st7735.o(.text)
    RxFifo_Init                              0x00002621   Thumb Code    26  uart.o(.text)
    RxFifo_Put                               0x0000263b   Thumb Code    48  uart.o(.text)
    RxFifo_Get                               0x0000266b   Thumb Code    46  uart.o(.text)
    RxFifo_Size                              0x00002699   Thumb Code    14  uart.o(.text)
    TxFifo_Init                              0x000026a7   Thumb Code    26  uart.o(.text)
    TxFifo_Put                               0x000026c1   Thumb Code    48  uart.o(.text)
    TxFifo_Get                               0x000026f1   Thumb Code    46  uart.o(.text)
    TxFifo_Size                              0x0000271f   Thumb Code    14  uart.o(.text)
    UART_Init                                0x0000272d   Thumb Code   174  uart.o(.text)
    UART_InChar                              0x00002825   Thumb Code    20  uart.o(.text)
    UART_OutChar                             0x00002839   Thumb Code    46  uart.o(.text)
    UART0_Handler                            0x00002867   Thumb Code    82  uart.o(.text)
    UART_OutString                           0x000028b9   Thumb Code    22  uart.o(.text)
    UART_InUDec                              0x000028cf   Thumb Code    76  uart.o(.text)
    UART_OutUDec                             0x0000291b   Thumb Code    42  uart.o(.text)
    UART_InUHex                              0x00002945   Thumb Code   108  uart.o(.text)
    UART_OutUHex                             0x000029b1   Thumb Code    52  uart.o(.text)
    UART_InString                            0x000029e5   Thumb Code   122  uart.o(.text)
    UART_RX_FifoSize                         0x00002a5f   Thumb Code     8  uart.o(.text)
    ADC_EnableChannel                        0x00002a69   Thumb Code   822  adc.o(.text)
    ADC_EnableModule                         0x00002d9f   Thumb Code   182  adc.o(.text)
    ADC_EnableSequence                       0x00002e55   Thumb Code    76  adc.o(.text)
    ADC_EnableTimer                          0x00002ea1   Thumb Code   112  adc.o(.text)
    ADC_SetSequencer                         0x00002f11   Thumb Code   466  adc.o(.text)
    ADC_Open                                 0x000030e3   Thumb Code    42  adc.o(.text)
    ADC_In                                   0x0000310d   Thumb Code   186  adc.o(.text)
    ADC_Collect                              0x000031c7   Thumb Code   518  adc.o(.text)
    ADC_Status                               0x000033cd   Thumb Code    22  adc.o(.text)
    ADC0Seq0_Handler                         0x000033e3   Thumb Code    96  adc.o(.text)
    ADC0Seq1_Handler                         0x00003443   Thumb Code    54  adc.o(.text)
    ADC0Seq2_Handler                         0x00003479   Thumb Code    54  adc.o(.text)
    ADC0Seq3_Handler                         0x000034af   Thumb Code    54  adc.o(.text)
    ADC1Seq0_Handler                         0x000034e5   Thumb Code    54  adc.o(.text)
    ADC1Seq1_Handler                         0x0000351b   Thumb Code    54  adc.o(.text)
    ADC1Seq2_Handler                         0x00003551   Thumb Code    54  adc.o(.text)
    ADC1Seq3_Handler                         0x00003587   Thumb Code    54  adc.o(.text)
    PortE_Init                               0x000035ed   Thumb Code    88  gpio.o(.text)
    SW1_Init                                 0x00003645   Thumb Code   200  gpio.o(.text)
    SW_Init                                  0x0000370d   Thumb Code   292  gpio.o(.text)
    GPIOPortF_Handler                        0x00003831   Thumb Code   210  gpio.o(.text)
    CANInit                                  0x00003a71   Thumb Code   148  can.o(.text)
    CANEnable                                0x00003b05   Thumb Code    24  can.o(.text)
    CANDisable                               0x00003b1d   Thumb Code    24  can.o(.text)
    CANBitRateSet                            0x00003b35   Thumb Code   142  can.o(.text)
    CANIntRegister                           0x00003bc3   Thumb Code    30  can.o(.text)
    CANIntUnregister                         0x00003be1   Thumb Code    26  can.o(.text)
    CANIntEnable                             0x00003bfb   Thumb Code    26  can.o(.text)
    CANIntDisable                            0x00003c15   Thumb Code    26  can.o(.text)
    CANIntStatus                             0x00003c2f   Thumb Code    60  can.o(.text)
    CANIntClear                              0x00003c6b   Thumb Code    76  can.o(.text)
    CANRetrySet                              0x00003cb7   Thumb Code    36  can.o(.text)
    CANRetryGet                              0x00003cdb   Thumb Code    24  can.o(.text)
    CANStatusGet                             0x00003cf3   Thumb Code   136  can.o(.text)
    CANErrCntrGet                            0x00003d7b   Thumb Code    46  can.o(.text)
    CANMessageSet                            0x00003da9   Thumb Code   434  can.o(.text)
    CANMessageGet                            0x00003f5b   Thumb Code   434  can.o(.text)
    CANMessageClear                          0x0000410d   Thumb Code    66  can.o(.text)
    CAN0_Handler                             0x00004151   Thumb Code   138  can0.o(.text)
    CAN0_Open                                0x00004207   Thumb Code   172  can0.o(.text)
    CAN0_SendData                            0x000042b3   Thumb Code    26  can0.o(.text)
    CAN0_CheckMail                           0x000042cd   Thumb Code     6  can0.o(.text)
    CAN0_GetMailNonBlock                     0x000042d3   Thumb Code    70  can0.o(.text)
    CAN0_GetMail                             0x00004319   Thumb Code    66  can0.o(.text)
    Timer3_Init                              0x00004381   Thumb Code    74  timer3.o(.text)
    Timer3A_Handler                          0x000043cb   Thumb Code    16  timer3.o(.text)
    IntRegister                              0x000043f5   Thumb Code    52  interrupt.o(.text)
    IntUnregister                            0x00004429   Thumb Code    10  interrupt.o(.text)
    IntPriorityGroupingSet                   0x00004433   Thumb Code    18  interrupt.o(.text)
    IntPriorityGroupingGet                   0x00004445   Thumb Code    36  interrupt.o(.text)
    IntPrioritySet                           0x00004469   Thumb Code    46  interrupt.o(.text)
    IntPriorityGet                           0x00004497   Thumb Code    22  interrupt.o(.text)
    IntEnable                                0x000044ad   Thumb Code   128  interrupt.o(.text)
    IntDisable                               0x0000452d   Thumb Code   128  interrupt.o(.text)
    IntPendSet                               0x000045ad   Thumb Code   106  interrupt.o(.text)
    IntPendClear                             0x00004617   Thumb Code    84  interrupt.o(.text)
    TimerCapture_Init                        0x000046a5   Thumb Code   178  ping.o(.text)
    PING_Init                                0x00004757   Thumb Code    12  ping.o(.text)
    PING_Signal                              0x00004763   Thumb Code   132  ping.o(.text)
    PING_Start                               0x000047e7   Thumb Code    28  ping.o(.text)
    GPIOPortB_Handler                        0x00004803   Thumb Code   262  ping.o(.text)
    Motor_Init                               0x0000496d   Thumb Code   228  pwm.o(.text)
    Motor_Left_Duty                          0x00004a51   Thumb Code     8  pwm.o(.text)
    Motor_Right_Duty                         0x00004a59   Thumb Code     8  pwm.o(.text)
    Motor_Left_Direction                     0x00004a61   Thumb Code     8  pwm.o(.text)
    Motor_right_Direction                    0x00004a69   Thumb Code     8  pwm.o(.text)
    cr4_fft_64_stm32                         0x00004aad   Thumb Code     0  cr4_fft_64_stm32.o(.text)
    __2sprintf                               0x00004d7d   Thumb Code    38  __2sprintf.o(.text)
    __printf                                 0x00004da9   Thumb Code   104  __printf.o(.text)
    _printf_int_dec                          0x00004e11   Thumb Code   102  _printf_dec.o(.text)
    strcat                                   0x00004e89   Thumb Code    24  strcat.o(.text)
    strcmp                                   0x00004ea1   Thumb Code   128  strcmpv7m.o(.text)
    __use_two_region_memory                  0x00004f21   Thumb Code     2  heapauxi.o(.text)
    __rt_heap_escrow$2region                 0x00004f23   Thumb Code     2  heapauxi.o(.text)
    __rt_heap_expand$2region                 0x00004f25   Thumb Code     2  heapauxi.o(.text)
    __read_errno                             0x00004f27   Thumb Code    10  _rserrno.o(.text)
    __set_errno                              0x00004f31   Thumb Code    12  _rserrno.o(.text)
    _printf_int_common                       0x00004f3d   Thumb Code   184  _printf_intcommon.o(.text)
    _printf_char_common                      0x00004fff   Thumb Code    32  _printf_char_common.o(.text)
    _sputc                                   0x00005025   Thumb Code    10  _sputc.o(.text)
    __aeabi_errno_addr                       0x00005031   Thumb Code     8  rt_errno_addr_intlibspace.o(.text)
    __errno$intlibspace                      0x00005031   Thumb Code     0  rt_errno_addr_intlibspace.o(.text)
    __rt_errno_addr$intlibspace              0x00005031   Thumb Code     0  rt_errno_addr_intlibspace.o(.text)
    __user_libspace                          0x00005039   Thumb Code     8  libspace.o(.text)
    __user_perproc_libspace                  0x00005039   Thumb Code     0  libspace.o(.text)
    __user_perthread_libspace                0x00005039   Thumb Code     0  libspace.o(.text)
    __user_setup_stackheap                   0x00005041   Thumb Code    74  sys_stackheap_outer.o(.text)
    exit                                     0x0000508b   Thumb Code    12  exit.o(.text)
    _sys_exit                                0x00005099   Thumb Code     8  sys_exit.o(.text)
    __I$use$semihosting                      0x000050a5   Thumb Code     0  use_no_semi.o(.text)
    __use_no_semihosting_swi                 0x000050a5   Thumb Code     2  use_no_semi.o(.text)
    __ARM_fpclassify                         0x000050a7   Thumb Code    40  fpclassify.o(i.__ARM_fpclassify)
    __semihosting_library_function           0x000050a7   Thumb Code     0  indicate_semi.o(.text)
    __kernel_poly                            0x000050cf   Thumb Code   170  poly.o(i.__kernel_poly)
    __mathlib_dbl_underflow                  0x00005179   Thumb Code    10  dunder.o(i.__mathlib_dbl_underflow)
    pow                                      0x00005189   Thumb Code  2510  pow.o(i.pow)
    sqrt                                     0x00005b69   Thumb Code    76  sqrt.o(i.sqrt)
    __aeabi_dadd                             0x00005bb5   Thumb Code     0  daddsub_clz.o(x$fpl$dadd)
    _dadd                                    0x00005bb5   Thumb Code   332  daddsub_clz.o(x$fpl$dadd)
    __fpl_dcheck_NaN1                        0x00005d05   Thumb Code    10  dcheck1.o(x$fpl$dcheck1)
    __fpl_dcmp_Inf                           0x00005d15   Thumb Code    24  dcmpi.o(x$fpl$dcmpinf)
    __aeabi_ddiv                             0x00005d2d   Thumb Code     0  ddiv.o(x$fpl$ddiv)
    _ddiv                                    0x00005d2d   Thumb Code   552  ddiv.o(x$fpl$ddiv)
    __aeabi_d2iz                             0x00005fdd   Thumb Code     0  dfix.o(x$fpl$dfix)
    _dfix                                    0x00005fdd   Thumb Code    94  dfix.o(x$fpl$dfix)
    __aeabi_d2uiz                            0x0000603d   Thumb Code     0  dfixu.o(x$fpl$dfixu)
    _dfixu                                   0x0000603d   Thumb Code    90  dfixu.o(x$fpl$dfixu)
    __aeabi_i2d                              0x00006097   Thumb Code     0  dflt_clz.o(x$fpl$dflt)
    _dflt                                    0x00006097   Thumb Code    46  dflt_clz.o(x$fpl$dflt)
    __aeabi_ui2d                             0x000060c5   Thumb Code     0  dflt_clz.o(x$fpl$dfltu)
    _dfltu                                   0x000060c5   Thumb Code    38  dflt_clz.o(x$fpl$dfltu)
    __aeabi_cdcmple                          0x000060ed   Thumb Code     0  dleqf.o(x$fpl$dleqf)
    _dcmple                                  0x000060ed   Thumb Code   120  dleqf.o(x$fpl$dleqf)
    __fpl_dcmple_InfNaN                      0x0000614f   Thumb Code     0  dleqf.o(x$fpl$dleqf)
    __aeabi_dmul                             0x00006165   Thumb Code     0  dmul.o(x$fpl$dmul)
    _dmul                                    0x00006165   Thumb Code   332  dmul.o(x$fpl$dmul)
    __fpl_dnaninf                            0x000062b9   Thumb Code   156  dnaninf.o(x$fpl$dnaninf)
    __fpl_dretinf                            0x00006355   Thumb Code    12  dretinf.o(x$fpl$dretinf)
    __aeabi_cdrcmple                         0x00006361   Thumb Code     0  drleqf.o(x$fpl$drleqf)
    _drcmple                                 0x00006361   Thumb Code   108  drleqf.o(x$fpl$drleqf)
    __aeabi_drsub                            0x000063cd   Thumb Code     0  daddsub_clz.o(x$fpl$drsb)
    _drsb                                    0x000063cd   Thumb Code    22  daddsub_clz.o(x$fpl$drsb)
    _dsqrt                                   0x000063e5   Thumb Code   404  dsqrt_umaal.o(x$fpl$dsqrt)
    __aeabi_dsub                             0x0000657d   Thumb Code     0  daddsub_clz.o(x$fpl$dsub)
    _dsub                                    0x0000657d   Thumb Code   464  daddsub_clz.o(x$fpl$dsub)
    __fpl_return_NaN                         0x00006751   Thumb Code   100  retnan.o(x$fpl$retnan)
    __ARM_scalbn                             0x000067b5   Thumb Code    92  scalbn.o(x$fpl$scalbn)
    __fpl_cmpreturn                          0x00006811   Thumb Code    48  trapv.o(x$fpl$trapveneer)
    __I$use$fp                               0x00006840   Number         0  usenofp.o(x$fpl$usenofp)
    h                                        0x00006840   Data         204  main.o(.constdata)
    dBfs                                     0x00006eee   Data         512  st7735.o(.constdata)
    __mathlib_zero                           0x000071f0   Data           8  qnan.o(.constdata)
    Region$$Table$$Base                      0x00007254   Number         0  anon$$obj.o(Region$$Table)
    Region$$Table$$Limit                     0x00007274   Number         0  anon$$obj.o(Region$$Table)
    dataLost                                 0x20000000   Data           4  main.o(.data)
    numberOfSamplesTaken                     0x20000004   Data           4  main.o(.data)
    DoDigitalFilter                          0x20000008   Data           4  main.o(.data)
    ScopeDisplay                             0x2000000c   Data           4  main.o(.data)
    RcvCount                                 0x20000010   Data           4  main.o(.data)
    sequenceNum                              0x20000014   Data           1  main.o(.data)
    XmtData                                  0x20000024   Data           8  main.o(.data)
    RcvData                                  0x2000002c   Data           8  main.o(.data)
    PlotMacqStartI                           0x20000034   Data           4  main.o(.data)
    PlotMacqSize                             0x20000038   Data           4  main.o(.data)
    OS_NumPeriodicThreads                    0x2000003c   Data           4  os.o(.data)
    SleepingThreadNum                        0x20000040   Data           4  os.o(.data)
    RunPt                                    0x20000044   Data           4  os.o(.data)
    NextPt                                   0x20000048   Data           4  os.o(.data)
    Actives                                  0x2000004c   Data           4  os.o(.data)
    Sleeping                                 0x20000050   Data           4  os.o(.data)
    PeriodicTask1                            0x20000054   Data           4  os.o(.data)
    OS_RunTime                               0x20000058   Data           4  os_time.o(.data)
    OS_Milliseconds                          0x2000005c   Data           4  os_time.o(.data)
    OS_MSSpins                               0x20000060   Data           4  os_time.o(.data)
    OS_MSSpinTarget                          0x20000064   Data           4  os_time.o(.data)
    OSPutPt                                  0x20000068   Data           4  os_fifo.o(.data)
    OSGetPt                                  0x2000006c   Data           4  os_fifo.o(.data)
    OSMailbox                                0x20000070   Data           4  os_mailbox.o(.data)
    commands                                 0x20000074   Data          44  os_interpreter.o(.data)
    UART_CharacterCount                      0x200000a0   Data           1  os_interpreter.o(.data)
    UART_CMD                                 0x200000a4   Data           4  os_interpreter.o(.data)
    OS_SystemState                           0x200000ac   Data           4  os_interpreter.o(.data)
    Ymax                                     0x200000b8   Data           4  st7735.o(.data)
    Ymin                                     0x200000bc   Data           4  st7735.o(.data)
    X                                        0x200000c0   Data           4  st7735.o(.data)
    Yrange                                   0x200000c4   Data           4  st7735.o(.data)
    RxPutI                                   0x200000c8   Data           4  uart.o(.data)
    RxGetI                                   0x200000cc   Data           4  uart.o(.data)
    TxPutI                                   0x200000d0   Data           4  uart.o(.data)
    TxGetI                                   0x200000d4   Data           4  uart.o(.data)
    PF0_Initialized                          0x200000e0   Data           4  gpio.o(.data)
    PF4_Initialized                          0x200000e4   Data           4  gpio.o(.data)
    SW1Task                                  0x200000ec   Data           4  gpio.o(.data)
    SW2Task                                  0x200000f0   Data           4  gpio.o(.data)
    PeriodicTask                             0x20000100   Data           4  timer3.o(.data)
    PING_PeriodicTask                        0x2000011c   Data           4  ping.o(.data)
    PING_Time1                               0x20000120   Data           4  ping.o(.data)
    PING_Time2                               0x20000124   Data           4  ping.o(.data)
    PING_Time3                               0x20000128   Data           4  ping.o(.data)
    PING_Time4                               0x2000012c   Data           4  ping.o(.data)
    samples0                                 0x2000039c   Data         204  main.o(.bss)
    samples1                                 0x20000468   Data         204  main.o(.bss)
    samples2                                 0x20000534   Data         204  main.o(.bss)
    samples3                                 0x20000600   Data         204  main.o(.bss)
    results0                                 0x200006cc   Data         204  main.o(.bss)
    results1                                 0x20000798   Data         204  main.o(.bss)
    results2                                 0x20000864   Data         204  main.o(.bss)
    results3                                 0x20000930   Data         204  main.o(.bss)
    buffer                                   0x200009fc   Data         256  main.o(.bss)
    FFTresults                               0x20000afc   Data         512  main.o(.bss)
    PlotMacq                                 0x20000cfc   Data         512  main.o(.bss)
    thread                                   0x20000efc   Data       12560  os.o(.bss)
    periodicTasks                            0x2000400c   Data          40  os.o(.bss)
    periodicCurrentSpin                      0x20004034   Data          40  os.o(.bss)
    periodicTriggerSpin                      0x2000405c   Data          40  os.o(.bss)
    SleepingThreads                          0x20004084   Data          80  os.o(.bss)
    OSFifo_RoomAvailable                     0x200042d4   Data          12  os_fifo.o(.bss)
    OSFifo_DataAvailable                     0x200042e0   Data          12  os_fifo.o(.bss)
    OSMailbox_BoxFree                        0x200042ec   Data          12  os_mailbox.o(.bss)
    OSMailbox_DataValid                      0x200042f8   Data          12  os_mailbox.o(.bss)
    Sema4_LCD                                0x20004304   Data          12  os_display.o(.bss)
    Sema4_UART                               0x20004310   Data          12  os_interpreter.o(.bss)
    UART_DataAvailable                       0x2000431c   Data          12  os_interpreter.o(.bss)
    UART_DataRoomLeft                        0x20004328   Data          12  os_interpreter.o(.bss)
    DisplayState                             0x20004334   Data          24  os_interpreter.o(.bss)
    UART_RxCMD_Buffer                        0x2000434c   Data          50  os_interpreter.o(.bss)
    UART_RX_Buffer                           0x2000437e   Data          50  os_interpreter.o(.bss)
    UART_Message_Buffer                      0x200043b0   Data          50  os_interpreter.o(.bss)
    ADC_SampleBuffer                         0x20004404   Data         200  adc.o(.bss)
    __libspace_start                         0x2000452c   Data          96  libspace.o(.bss)
    __temporary_stack_top$libspace           0x2000458c   Data           0  libspace.o(.bss)



==============================================================================

Memory Map of the image

  Image Entry point : 0x00000295

  Load Region LR_IROM1 (Base: 0x00000000, Size: 0x00007610, Max: 0x00040000, ABSOLUTE, COMPRESSED[0x000072a8])

    Execution Region ER_IROM1 (Base: 0x00000000, Size: 0x00007274, Max: 0x00040000, ABSOLUTE)

    Base Addr    Size         Type   Attr      Idx    E Section Name        Object

    0x00000000   0x00000294   Code   RO          184    RESET               startup.o
    0x00000294   0x00000008   Code   RO          447  * !!!main             c_w.l(__main.o)
    0x0000029c   0x00000034   Code   RO          691    !!!scatter          c_w.l(__scatter.o)
    0x000002d0   0x0000003a   Code   RO          689    !!dczerorl          c_w.l(__dczerorl.o)
    0x0000030a   0x00000002   PAD
    0x0000030c   0x0000001c   Code   RO          693    !!handler_zi        c_w.l(__scatter_zi.o)
    0x00000328   0x00000000   Code   RO          440    .ARM.Collect$$_printf_percent$$00000000  c_w.l(_printf_percent.o)
    0x00000328   0x00000006   Code   RO          439    .ARM.Collect$$_printf_percent$$00000009  c_w.l(_printf_d.o)
    0x0000032e   0x00000004   Code   RO          488    .ARM.Collect$$_printf_percent$$00000017  c_w.l(_printf_percent_end.o)
    0x00000332   0x00000002   Code   RO          559    .ARM.Collect$$libinit$$00000000  c_w.l(libinit.o)
    0x00000334   0x00000000   Code   RO          567    .ARM.Collect$$libinit$$00000002  c_w.l(libinit2.o)
    0x00000334   0x00000000   Code   RO          570    .ARM.Collect$$libinit$$00000008  c_w.l(libinit2.o)
    0x00000334   0x00000000   Code   RO          572    .ARM.Collect$$libinit$$0000000A  c_w.l(libinit2.o)
    0x00000334   0x00000000   Code   RO          574    .ARM.Collect$$libinit$$0000000C  c_w.l(libinit2.o)
    0x00000334   0x00000000   Code   RO          577    .ARM.Collect$$libinit$$0000000F  c_w.l(libinit2.o)
    0x00000334   0x00000000   Code   RO          579    .ARM.Collect$$libinit$$00000011  c_w.l(libinit2.o)
    0x00000334   0x00000000   Code   RO          581    .ARM.Collect$$libinit$$00000013  c_w.l(libinit2.o)
    0x00000334   0x00000000   Code   RO          583    .ARM.Collect$$libinit$$00000015  c_w.l(libinit2.o)
    0x00000334   0x00000000   Code   RO          585    .ARM.Collect$$libinit$$00000017  c_w.l(libinit2.o)
    0x00000334   0x00000000   Code   RO          587    .ARM.Collect$$libinit$$00000019  c_w.l(libinit2.o)
    0x00000334   0x00000000   Code   RO          589    .ARM.Collect$$libinit$$0000001B  c_w.l(libinit2.o)
    0x00000334   0x00000000   Code   RO          591    .ARM.Collect$$libinit$$0000001D  c_w.l(libinit2.o)
    0x00000334   0x00000000   Code   RO          593    .ARM.Collect$$libinit$$0000001F  c_w.l(libinit2.o)
    0x00000334   0x00000000   Code   RO          595    .ARM.Collect$$libinit$$00000021  c_w.l(libinit2.o)
    0x00000334   0x00000000   Code   RO          597    .ARM.Collect$$libinit$$00000023  c_w.l(libinit2.o)
    0x00000334   0x00000000   Code   RO          601    .ARM.Collect$$libinit$$0000002A  c_w.l(libinit2.o)
    0x00000334   0x00000000   Code   RO          603    .ARM.Collect$$libinit$$0000002C  c_w.l(libinit2.o)
    0x00000334   0x00000000   Code   RO          605    .ARM.Collect$$libinit$$0000002E  c_w.l(libinit2.o)
    0x00000334   0x00000000   Code   RO          607    .ARM.Collect$$libinit$$00000030  c_w.l(libinit2.o)
    0x00000334   0x00000002   Code   RO          608    .ARM.Collect$$libinit$$00000031  c_w.l(libinit2.o)
    0x00000336   0x00000002   Code   RO          630    .ARM.Collect$$libshutdown$$00000000  c_w.l(libshutdown.o)
    0x00000338   0x00000000   Code   RO          644    .ARM.Collect$$libshutdown$$00000003  c_w.l(libshutdown2.o)
    0x00000338   0x00000000   Code   RO          647    .ARM.Collect$$libshutdown$$00000006  c_w.l(libshutdown2.o)
    0x00000338   0x00000000   Code   RO          650    .ARM.Collect$$libshutdown$$00000009  c_w.l(libshutdown2.o)
    0x00000338   0x00000000   Code   RO          652    .ARM.Collect$$libshutdown$$0000000B  c_w.l(libshutdown2.o)
    0x00000338   0x00000000   Code   RO          655    .ARM.Collect$$libshutdown$$0000000E  c_w.l(libshutdown2.o)
    0x00000338   0x00000002   Code   RO          656    .ARM.Collect$$libshutdown$$0000000F  c_w.l(libshutdown2.o)
    0x0000033a   0x00000000   Code   RO          479    .ARM.Collect$$rtentry$$00000000  c_w.l(rtentry.o)
    0x0000033a   0x00000000   Code   RO          520    .ARM.Collect$$rtentry$$00000002  c_w.l(rtentry2.o)
    0x0000033a   0x00000006   Code   RO          532    .ARM.Collect$$rtentry$$00000004  c_w.l(rtentry4.o)
    0x00000340   0x00000000   Code   RO          522    .ARM.Collect$$rtentry$$00000009  c_w.l(rtentry2.o)
    0x00000340   0x00000004   Code   RO          523    .ARM.Collect$$rtentry$$0000000A  c_w.l(rtentry2.o)
    0x00000344   0x00000000   Code   RO          525    .ARM.Collect$$rtentry$$0000000C  c_w.l(rtentry2.o)
    0x00000344   0x00000008   Code   RO          526    .ARM.Collect$$rtentry$$0000000D  c_w.l(rtentry2.o)
    0x0000034c   0x00000002   Code   RO          564    .ARM.Collect$$rtexit$$00000000  c_w.l(rtexit.o)
    0x0000034e   0x00000000   Code   RO          612    .ARM.Collect$$rtexit$$00000002  c_w.l(rtexit2.o)
    0x0000034e   0x00000004   Code   RO          613    .ARM.Collect$$rtexit$$00000003  c_w.l(rtexit2.o)
    0x00000352   0x00000006   Code   RO          614    .ARM.Collect$$rtexit$$00000004  c_w.l(rtexit2.o)
    0x00000358   0x000006a8   Code   RO            1    .text               main.o
    0x00000a00   0x000005fc   Code   RO           41    .text               os.o
    0x00000ffc   0x000000a8   Code   RO           67    .text               systick.o
    0x000010a4   0x00000170   Code   RO           79    .text               os_time.o
    0x00001214   0x00000130   Code   RO           98    .text               os_fifo.o
    0x00001344   0x00000054   Code   RO          117    .text               os_mailbox.o
    0x00001398   0x00000170   Code   RO          133    .text               os_display.o
    0x00001508   0x000002b8   Code   RO          151    .text               os_interpreter.o
    0x000017c0   0x00000048   Code   RO          178    .text               osasm.o
    0x00001808   0x00000030   Code   RO          185    .text               startup.o
    0x00001838   0x0000008c   Code   RO          191    .text               pll.o
    0x000018c4   0x00000d5c   Code   RO          203    .text               st7735.o
    0x00002620   0x00000446   Code   RO          223    .text               uart.o
    0x00002a66   0x00000002   PAD
    0x00002a68   0x00000b84   Code   RO          242    .text               adc.o
    0x000035ec   0x00000388   Code   RO          258    .text               gpio.o
    0x00003974   0x000007da   Code   RO          273    .text               can.o
    0x0000414e   0x00000002   PAD
    0x00004150   0x00000230   Code   RO          311    .text               can0.o
    0x00004380   0x00000070   Code   RO          325    .text               timer3.o
    0x000043f0   0x000002b4   Code   RO          343    .text               interrupt.o
    0x000046a4   0x000002c8   Code   RO          376    .text               ping.o
    0x0000496c   0x00000140   Code   RO          391    .text               pwm.o
    0x00004aac   0x000002ce   Code   RO          406    .text               cr4_fft_64_stm32.o
    0x00004d7a   0x00000002   PAD
    0x00004d7c   0x0000002c   Code   RO          411    .text               c_w.l(__2sprintf.o)
    0x00004da8   0x00000068   Code   RO          415    .text               c_w.l(__printf.o)
    0x00004e10   0x00000078   Code   RO          417    .text               c_w.l(_printf_dec.o)
    0x00004e88   0x00000018   Code   RO          441    .text               c_w.l(strcat.o)
    0x00004ea0   0x00000080   Code   RO          443    .text               c_w.l(strcmpv7m.o)
    0x00004f20   0x00000006   Code   RO          445    .text               c_w.l(heapauxi.o)
    0x00004f26   0x00000016   Code   RO          480    .text               c_w.l(_rserrno.o)
    0x00004f3c   0x000000b8   Code   RO          482    .text               c_w.l(_printf_intcommon.o)
    0x00004ff4   0x00000030   Code   RO          484    .text               c_w.l(_printf_char_common.o)
    0x00005024   0x0000000a   Code   RO          486    .text               c_w.l(_sputc.o)
    0x0000502e   0x00000002   PAD
    0x00005030   0x00000008   Code   RO          537    .text               c_w.l(rt_errno_addr_intlibspace.o)
    0x00005038   0x00000008   Code   RO          547    .text               c_w.l(libspace.o)
    0x00005040   0x0000004a   Code   RO          550    .text               c_w.l(sys_stackheap_outer.o)
    0x0000508a   0x0000000c   Code   RO          552    .text               c_w.l(exit.o)
    0x00005096   0x00000002   PAD
    0x00005098   0x0000000c   Code   RO          622    .text               c_w.l(sys_exit.o)
    0x000050a4   0x00000002   Code   RO          633    .text               c_w.l(use_no_semi.o)
    0x000050a6   0x00000000   Code   RO          635    .text               c_w.l(indicate_semi.o)
    0x000050a6   0x00000028   Code   RO          506    i.__ARM_fpclassify  m_ws.l(fpclassify.o)
    0x000050ce   0x000000aa   Code   RO          508    i.__kernel_poly     m_ws.l(poly.o)
    0x00005178   0x00000010   Code   RO          504    i.__mathlib_dbl_underflow  m_ws.l(dunder.o)
    0x00005188   0x000009e0   Code   RO          470    i.pow               m_ws.l(pow.o)
    0x00005b68   0x0000004c   Code   RO          512    i.sqrt              m_ws.l(sqrt.o)
    0x00005bb4   0x00000150   Code   RO          489    x$fpl$dadd          fz_ws.l(daddsub_clz.o)
    0x00005d04   0x00000010   Code   RO          541    x$fpl$dcheck1       fz_ws.l(dcheck1.o)
    0x00005d14   0x00000018   Code   RO          560    x$fpl$dcmpinf       fz_ws.l(dcmpi.o)
    0x00005d2c   0x000002b0   Code   RO          450    x$fpl$ddiv          fz_ws.l(ddiv.o)
    0x00005fdc   0x0000005e   Code   RO          453    x$fpl$dfix          fz_ws.l(dfix.o)
    0x0000603a   0x00000002   PAD
    0x0000603c   0x0000005a   Code   RO          457    x$fpl$dfixu         fz_ws.l(dfixu.o)
    0x00006096   0x0000002e   Code   RO          462    x$fpl$dflt          fz_ws.l(dflt_clz.o)
    0x000060c4   0x00000026   Code   RO          461    x$fpl$dfltu         fz_ws.l(dflt_clz.o)
    0x000060ea   0x00000002   PAD
    0x000060ec   0x00000078   Code   RO          543    x$fpl$dleqf         fz_ws.l(dleqf.o)
    0x00006164   0x00000154   Code   RO          467    x$fpl$dmul          fz_ws.l(dmul.o)
    0x000062b8   0x0000009c   Code   RO          495    x$fpl$dnaninf       fz_ws.l(dnaninf.o)
    0x00006354   0x0000000c   Code   RO          497    x$fpl$dretinf       fz_ws.l(dretinf.o)
    0x00006360   0x0000006c   Code   RO          499    x$fpl$drleqf        fz_ws.l(drleqf.o)
    0x000063cc   0x00000016   Code   RO          490    x$fpl$drsb          fz_ws.l(daddsub_clz.o)
    0x000063e2   0x00000002   PAD
    0x000063e4   0x00000198   Code   RO          545    x$fpl$dsqrt         fz_ws.l(dsqrt_umaal.o)
    0x0000657c   0x000001d4   Code   RO          491    x$fpl$dsub          fz_ws.l(daddsub_clz.o)
    0x00006750   0x00000064   Code   RO          562    x$fpl$retnan        fz_ws.l(retnan.o)
    0x000067b4   0x0000005c   Code   RO          501    x$fpl$scalbn        fz_ws.l(scalbn.o)
    0x00006810   0x00000030   Code   RO          609    x$fpl$trapveneer    fz_ws.l(trapv.o)
    0x00006840   0x00000000   Code   RO          503    x$fpl$usenofp       fz_ws.l(usenofp.o)
    0x00006840   0x000000cc   Data   RO            3    .constdata          main.o
    0x0000690c   0x000007e2   Data   RO          204    .constdata          st7735.o
    0x000070ee   0x00000012   Data   RO          274    .constdata          can.o
    0x00007100   0x00000068   Data   RO          344    .constdata          interrupt.o
    0x00007168   0x00000088   Data   RO          471    .constdata          m_ws.l(pow.o)
    0x000071f0   0x00000008   Data   RO          510    .constdata          m_ws.l(qnan.o)
    0x000071f8   0x00000059   Data   RO          153    .conststring        os_interpreter.o
    0x00007251   0x00000003   PAD
    0x00007254   0x00000020   Data   RO          687    Region$$Table       anon$$obj.o


    Execution Region RW_IRAM1 (Base: 0x20000000, Size: 0x00004990, Max: 0x00008000, ABSOLUTE, COMPRESSED[0x00000034])

    Base Addr    Size         Type   Attr      Idx    E Section Name        Object

    0x20000000   0x0000003c   Data   RW            4    .data               main.o
    0x2000003c   0x0000001c   Data   RW           43    .data               os.o
    0x20000058   0x00000010   Data   RW           80    .data               os_time.o
    0x20000068   0x00000008   Data   RW          100    .data               os_fifo.o
    0x20000070   0x00000004   Data   RW          119    .data               os_mailbox.o
    0x20000074   0x0000003c   Data   RW          154    .data               os_interpreter.o
    0x200000b0   0x00000018   Data   RW          205    .data               st7735.o
    0x200000c8   0x00000010   Data   RW          225    .data               uart.o
    0x200000d8   0x00000008   Data   RW          244    .data               adc.o
    0x200000e0   0x00000014   Data   RW          259    .data               gpio.o
    0x200000f4   0x0000000c   Data   RW          312    .data               can0.o
    0x20000100   0x00000004   Data   RW          326    .data               timer3.o
    0x20000104   0x0000002c   Data   RW          377    .data               ping.o
    0x20000130   0x0000026c   Data   RW          345    vtable              interrupt.o
    0x2000039c   0x00000b60   Zero   RW            2    .bss                main.o
    0x20000efc   0x000031d8   Zero   RW           42    .bss                os.o
    0x200040d4   0x00000218   Zero   RW           99    .bss                os_fifo.o
    0x200042ec   0x00000018   Zero   RW          118    .bss                os_mailbox.o
    0x20004304   0x0000000c   Zero   RW          134    .bss                os_display.o
    0x20004310   0x000000d2   Zero   RW          152    .bss                os_interpreter.o
    0x200043e2   0x00000020   Zero   RW          224    .bss                uart.o
    0x20004402   0x00000002   PAD
    0x20004404   0x00000128   Zero   RW          243    .bss                adc.o
    0x2000452c   0x00000060   Zero   RW          548    .bss                c_w.l(libspace.o)
    0x2000458c   0x00000004   PAD
    0x20004590   0x00000000   Zero   RW          183    HEAP                startup.o
    0x20004590   0x00000400   Zero   RW          182    STACK               startup.o


==============================================================================

Image component sizes


      Code (inc. data)   RO Data    RW Data    ZI Data      Debug   Object Name

      2948        202          0          8        296      10999   adc.o
      2010         18         18          0          0      12592   can.o
       560         38          0         12          0       2596   can0.o
       718        240          0          0          0        236   cr4_fft_64_stm32.o
       904        114          0         20          0       3630   gpio.o
       692         58        104        620          0       2981   interrupt.o
      1704        268        204         60       2912       7773   main.o
      1532         86          0         28      12760       7172   os.o
       368         12          0          0         12       4042   os_display.o
       304         26          0          8        536       2398   os_fifo.o
       696        128         89         60        210       4662   os_interpreter.o
        84         14          0          4         24       1036   os_mailbox.o
       368         30          0         16          0       2203   os_time.o
        72          8          0          0          0        228   osasm.o
       712        100          0         44          0       4219   ping.o
       140          6          0          0          0        387   pll.o
       320         60          0          0          0       1185   pwm.o
      3420        228       2018         24          0      12780   st7735.o
       708        632          0          0       1024        872   startup.o
       168          8          0          0          0       1229   systick.o
       112         22          0          4          0       1005   timer3.o
      1094         52          0         16         32       6373   uart.o

    ----------------------------------------------------------------------
     19640       2352       2468        924      17808      90598   Object Totals
         0          0         32          0          0          0   (incl. Generated)
         6          2          3          0          2          0   (incl. Padding)

    ----------------------------------------------------------------------

      Code (inc. data)   RO Data    RW Data    ZI Data      Debug   Library Member Name

        44          6          0          0          0         84   __2sprintf.o
        58          0          0          0          0          0   __dczerorl.o
         8          0          0          0          0         68   __main.o
       104          0          0          0          0         84   __printf.o
        52          8          0          0          0          0   __scatter.o
        28          0          0          0          0          0   __scatter_zi.o
        48          6          0          0          0         96   _printf_char_common.o
         6          0          0          0          0          0   _printf_d.o
       120         18          0          0          0         92   _printf_dec.o
       184          0          0          0          0         88   _printf_intcommon.o
         0          0          0          0          0          0   _printf_percent.o
         4          0          0          0          0          0   _printf_percent_end.o
        22          0          0          0          0        100   _rserrno.o
        10          0          0          0          0         68   _sputc.o
        12          0          0          0          0         72   exit.o
         6          0          0          0          0        152   heapauxi.o
         0          0          0          0          0          0   indicate_semi.o
         2          0          0          0          0          0   libinit.o
         2          0          0          0          0          0   libinit2.o
         2          0          0          0          0          0   libshutdown.o
         2          0          0          0          0          0   libshutdown2.o
         8          4          0          0         96         68   libspace.o
         8          4          0          0          0         68   rt_errno_addr_intlibspace.o
         0          0          0          0          0          0   rtentry.o
        12          0          0          0          0          0   rtentry2.o
         6          0          0          0          0          0   rtentry4.o
         2          0          0          0          0          0   rtexit.o
        10          0          0          0          0          0   rtexit2.o
        24          0          0          0          0         68   strcat.o
       128          0          0          0          0         68   strcmpv7m.o
        12          4          0          0          0         68   sys_exit.o
        74          0          0          0          0         80   sys_stackheap_outer.o
         2          0          0          0          0         68   use_no_semi.o
       826         16          0          0          0        348   daddsub_clz.o
        16          4          0          0          0         68   dcheck1.o
        24          0          0          0          0         68   dcmpi.o
       688        140          0          0          0        208   ddiv.o
        94          4          0          0          0         92   dfix.o
        90          4          0          0          0         92   dfixu.o
        84          0          0          0          0        136   dflt_clz.o
       120          4          0          0          0         92   dleqf.o
       340         12          0          0          0        104   dmul.o
       156          4          0          0          0         92   dnaninf.o
        12          0          0          0          0         68   dretinf.o
       108          0          0          0          0         80   drleqf.o
       408         56          0          0          0        120   dsqrt_umaal.o
       100          0          0          0          0         68   retnan.o
        92          0          0          0          0         68   scalbn.o
        48          0          0          0          0         68   trapv.o
         0          0          0          0          0          0   usenofp.o
        16          6          0          0          0         68   dunder.o
        40          0          0          0          0         68   fpclassify.o
       170          0          0          0          0         96   poly.o
      2528        190        136          0          0        332   pow.o
         0          0          8          0          0          0   qnan.o
        76          0          0          0          0         84   sqrt.o

    ----------------------------------------------------------------------
      7048        490        144          0        100       3812   Library Totals
        12          0          0          0          4          0   (incl. Padding)

    ----------------------------------------------------------------------

      Code (inc. data)   RO Data    RW Data    ZI Data      Debug   Library Name

      1000         50          0          0         96       1392   c_w.l
      3206        244          0          0          0       1772   fz_ws.l
      2830        196        144          0          0        648   m_ws.l

    ----------------------------------------------------------------------
      7048        490        144          0        100       3812   Library Totals

    ----------------------------------------------------------------------

==============================================================================


      Code (inc. data)   RO Data    RW Data    ZI Data      Debug   

     26688       2842       2612        924      17908      90614   Grand Totals
     26688       2842       2612         52      17908      90614   ELF Image Totals (compressed)
     26688       2842       2612         52          0          0   ROM Totals

==============================================================================

    Total RO  Size (Code + RO Data)                29300 (  28.61kB)
    Total RW  Size (RW Data + ZI Data)             18832 (  18.39kB)
    Total ROM Size (Code + RO Data + RW Data)      29352 (  28.66kB)

==============================================================================

