


ARM Macro Assembler    Page 1 


    1 00000000         ;Version 3 assembly floating point 
    2 00000000         ; run with floating-point hardware active         
    3 00000000                 AREA             DATA, ALIGN=2
    4 00000000 00 00 00 
              00       T       SPACE            4
    5 00000004 00 00 00 
              00       N       SPACE            4
    6 00000008                 AREA             |.text|, CODE, READONLY, ALIGN=
2
    7 00000000                 THUMB
    8 00000000                 EXPORT           FloatMultiply
    9 00000000         
   10 00000000         FloatMultiply
   11 00000000 4903            LDR              R1,=N       ;pointer to N      
                                                             
   12 00000002 4A04            LDR              R2,=T       ;pointer to T
   13 00000004         
   14 00000004 EE20 0A20       VMUL.F32         S0,S0,S1    ; X*Y
   15 00000008 ED82 0A00       VSTR.F32         S0,[R2]     ; T=X*Y          
   16 0000000C 4770            BX               LR
   17 0000000E 00 00           ALIGN
   18 00000010                 END
              00000000 
              00000000 
Command Line: --debug --xref --cpu=Cortex-M4.fp --apcs=interwork --depend=.\flo
atmultiply.d -o.\floatmultiply.o -IC:\Keil\ARM\RV31\INC -IC:\Keil\ARM\CMSIS\Inc
lude -IC:\Keil\ARM\Inc\TI\TM4C123 --predefine="__EVAL SETA 1" --predefine="__MI
CROLIB SETA 1" --list=.\floatmultiply.lst FloatMultiply.s



ARM Macro Assembler    Page 1 Alphabetic symbol ordering
Relocatable symbols

DATA 00000000

Symbol: DATA
   Definitions
      At line 3 in file FloatMultiply.s
   Uses
      None
Comment: DATA unused
N 00000004

Symbol: N
   Definitions
      At line 5 in file FloatMultiply.s
   Uses
      At line 11 in file FloatMultiply.s
Comment: N used once
T 00000000

Symbol: T
   Definitions
      At line 4 in file FloatMultiply.s
   Uses
      At line 12 in file FloatMultiply.s
Comment: T used once
3 symbols



ARM Macro Assembler    Page 1 Alphabetic symbol ordering
Relocatable symbols

.text 00000000

Symbol: .text
   Definitions
      At line 6 in file FloatMultiply.s
   Uses
      None
Comment: .text unused
FloatMultiply 00000000

Symbol: FloatMultiply
   Definitions
      At line 10 in file FloatMultiply.s
   Uses
      At line 8 in file FloatMultiply.s
Comment: FloatMultiply used once
2 symbols
340 symbols in table
