<html>
<body>
<pre>
<h1>µVision Build Log</h1>
<h2>Project:</h2>
C:\Users\Alexander\Documents\Sr_Design2\ST7735_4C123\ST7735.uvproj
Project File Date:  10/13/2014

<h2>Output:</h2>
Rebuild target 'Lab 5'
assembling startup.s...
compiling PLL.c...
compiling ST7735.c...
compiling ST7735TestMain.c...
compiling lcd.c...
compiling timer.c...
compiling switch.c...
compiling DAC.c...
compiling motor.c...
compiling ADC.c...
linking...
Program Size: Code=5432 RO-data=3140 RW-data=104 ZI-data=1320  
".\ST7735.axf" - 0 Error(s), 0 Warning(s).
5TestMain.c: 2 warnings, 0 errors
compiling lcd.c...
compiling timer.c...
timer.c(70): error:  #20: identifier "Song" is undefined
  extern Song songPtr;
timer.c: 0 warnings, 1 error
compiling switch.c...
compiling DAC.c...
compiling motor.c...
compiling ADC.c...
".\ST7735.axf" - 1 Error(s), 2 Warning(s).
Target not created
c(140): warning:  #223-D: function "Music_NextSong" declared implicitly
                        Music_NextSong();
switch.c(152): warning:  #223-D: function "Music_Rewind" declared implicitly
                        Music_Rewind();
switch.c(164): warning:  #223-D: function "Music_NextInst" declared implicitly
                        Music_NextInst();
switch.c: 4 warnings, 0 errors
compiling DAC.c...
compiling motor.c...
compiling ADC.c...
".\ST7735.axf" - 1 Error(s), 6 Warning(s).
Target not created
ializer values
                        {1,1,1}, {1,1,1}, {1,1,1}, {1,1,1},
Music.h(249): error:  #146: too many initializer values
                        {C1, QUARTER, H_SEC},{C1, EIGHTH, NEVER},{C1, QUARTER, NEVER},{D2, EIGHTH, NEVER},{D2, QUARTER, NEVER},
Music.h(251): error:  #67: expected a "}"
  >>>>>>> 2827cf7bc1f2233d06611bc3ffa6223f17b45197
switch.c: 0 warnings, 9 errors
compiling DAC.c...
compiling motor.c...
compiling ADC.c...
".\ST7735.axf" - 10 Error(s), 2 Warning(s).
Target not created
...
compiling ADC.c...
".\ST7735.axf" - 11 Error(s), 2 Warning(s).
Target not created
            {E1,QUARTER,NEVER}, {AF1,QUARTER,NEVER}, {B1,QUARTER,NEVER},
Music.h(234): error:  #29: expected an expression
  =======
Music.h(235): error:  #67: expected a "}"
                        {B1, QUARTER, NEVER}, {1,1,1}, {1,1,1},
Music.h(235): error:  #67: expected a "}"
                        {B1, QUARTER, NEVER}, {1,1,1}, {1,1,1},
Music.h(236): error:  #146: too many initializer values
                        {1,1,1}, {1,1,1}, {1,1,1}, {1,1,1},
Music.h(249): error:  #146: too many initializer values
                        {C1, QUARTER, H_SEC},{C1, EIGHTH, NEVER},{C1, QUARTER, NEVER},{D2, EIGHTH, NEVER},{D2, QUARTER, NEVER},
Music.h(251): error:  #67: expected a "}"
  >>>>>>> 2827cf7bc1f2233d06611bc3ffa6223f17b45197
switch.c: 0 warnings, 9 errors
compiling DAC.c...
compiling motor.c...
compiling ADC.c...
".\ST7735.axf" - 19 Error(s), 2 Warning(s).
Target not created
                     {E1,QUARTER,NEVER}, {AF1,QUARTER,NEVER}, {B1,QUARTER,NEVER},
Music.h(234): error:  #29: expected an expression
  =======
Music.h(235): error:  #67: expected a "}"
                        {B1, QUARTER, NEVER}, {1,1,1}, {1,1,1},
Music.h(235): error:  #67: expected a "}"
                        {B1, QUARTER, NEVER}, {1,1,1}, {1,1,1},
Music.h(236): error:  #146: too many initializer values
                        {1,1,1}, {1,1,1}, {1,1,1}, {1,1,1},
Music.h(249): error:  #146: too many initializer values
                        {C1, QUARTER, H_SEC},{C1, EIGHTH, NEVER},{C1, QUARTER, NEVER},{D2, EIGHTH, NEVER},{D2, QUARTER, NEVER},
Music.h(251): error:  #67: expected a "}"
  >>>>>>> 2827cf7bc1f2233d06611bc3ffa6223f17b45197
switch.c: 0 warnings, 9 errors
compiling Music.c...
Music.h(216): error:  #29: expected an expression
  <<<<<<< HEAD
Music.h(217): error:  #67: expected a "}"
                        {B1, QUARTER, NEVER}, {QUARTER_REST, QUARTER_REST, NEVER},
Music.h(219): error:  #67: expected a "}"
                        {E1,QUARTER,NEVER}, {AF1,QUARTER,NEVER}, {B1,QUARTER,NEVER},
Music.h(234): error:  #29: expected an expression
  =======
Music.h(235): error:  #67: expected a "}"
                        {B1, QUARTER, NEVER}, {1,1,1}, {1,1,1},
Music.h(235): error:  #67: expected a "}"
                        {B1, QUARTER, NEVER}, {1,1,1}, {1,1,1},
Music.h(236): error:  #146: too many initializer values
                        {1,1,1}, {1,1,1}, {1,1,1}, {1,1,1},
Music.h(249): error:  #146: too many initializer values
                        {C1, QUARTER, H_SEC},{C1, EIGHTH, NEVER},{C1, QUARTER, NEVER},{D2, EIGHTH, NEVER},{D2, QUARTER, NEVER},
Music.h(251): error:  #67: expected a "}"
  >>>>>>> 2827cf7bc1f2233d06611bc3ffa6223f17b45197
Music.c: 0 warnings, 9 errors
compiling DAC.c...
compiling motor.c...
compiling ADC.c...
".\ST7735.axf" - 36 Error(s), 2 Warning(s).
Target not created
