ARM Linker, 5.03 [Build 76] [MDK-ARM Lite]

==============================================================================

Section Cross References

    startup.o(RESET) refers to startup.o(STACK) for StackMem
    startup.o(RESET) refers to adc.o(i.ADC0Seq0_Handler) for ADC0Seq0_Handler
    startup.o(RESET) refers to timer.o(i.Timer0A_Handler) for Timer0A_Handler
    startup.o(RESET) refers to timer.o(i.Timer1A_Handler) for Timer1A_Handler
    startup.o(RESET) refers to timer.o(i.Timer2B_Handler) for Timer2B_Handler
    startup.o(RESET) refers to switch.o(i.GPIOPortF_Handler) for GPIOPortF_Handler
    startup.o(RESET) refers to adc.o(i.ADC1Seq0_Handler) for ADC1Seq0_Handler
    startup.o(RESET) refers to entry.o(.ARM.Collect$$$$00000000) for __main
    st7735.o(i.Output_Clear) refers to st7735.o(i.ST7735_FillScreen) for ST7735_FillScreen
    st7735.o(i.Output_Color) refers to st7735.o(i.ST7735_SetTextColor) for ST7735_SetTextColor
    st7735.o(i.Output_Init) refers to st7735.o(i.ST7735_InitR) for ST7735_InitR
    st7735.o(i.Output_Init) refers to st7735.o(i.ST7735_FillScreen) for ST7735_FillScreen
    st7735.o(i.Output_Off) refers to st7735.o(i.Output_Clear) for Output_Clear
    st7735.o(i.Output_On) refers to st7735.o(i.Output_Init) for Output_Init
    st7735.o(i.ST7735_DrawBitmap) refers to st7735.o(i.setAddrWindow) for setAddrWindow
    st7735.o(i.ST7735_DrawBitmap) refers to st7735.o(i.writedata) for writedata
    st7735.o(i.ST7735_DrawBitmap) refers to st7735.o(.data) for _width
    st7735.o(i.ST7735_DrawChar) refers to st7735.o(i.setAddrWindow) for setAddrWindow
    st7735.o(i.ST7735_DrawChar) refers to st7735.o(i.pushColor) for pushColor
    st7735.o(i.ST7735_DrawChar) refers to st7735.o(.data) for _width
    st7735.o(i.ST7735_DrawChar) refers to st7735.o(.constdata) for Font
    st7735.o(i.ST7735_DrawCharS) refers to st7735.o(i.ST7735_DrawPixel) for ST7735_DrawPixel
    st7735.o(i.ST7735_DrawCharS) refers to st7735.o(i.ST7735_FillRect) for ST7735_FillRect
    st7735.o(i.ST7735_DrawCharS) refers to st7735.o(.data) for _width
    st7735.o(i.ST7735_DrawCharS) refers to st7735.o(.constdata) for Font
    st7735.o(i.ST7735_DrawFastHLine) refers to st7735.o(i.setAddrWindow) for setAddrWindow
    st7735.o(i.ST7735_DrawFastHLine) refers to st7735.o(i.writedata) for writedata
    st7735.o(i.ST7735_DrawFastHLine) refers to st7735.o(.data) for _width
    st7735.o(i.ST7735_DrawFastVLine) refers to st7735.o(i.setAddrWindow) for setAddrWindow
    st7735.o(i.ST7735_DrawFastVLine) refers to st7735.o(i.writedata) for writedata
    st7735.o(i.ST7735_DrawFastVLine) refers to st7735.o(.data) for _width
    st7735.o(i.ST7735_DrawPixel) refers to st7735.o(i.setAddrWindow) for setAddrWindow
    st7735.o(i.ST7735_DrawPixel) refers to st7735.o(i.pushColor) for pushColor
    st7735.o(i.ST7735_DrawPixel) refers to st7735.o(.data) for _width
    st7735.o(i.ST7735_DrawString) refers to st7735.o(i.ST7735_DrawCharS) for ST7735_DrawCharS
    st7735.o(i.ST7735_FillRect) refers to st7735.o(i.setAddrWindow) for setAddrWindow
    st7735.o(i.ST7735_FillRect) refers to st7735.o(i.writedata) for writedata
    st7735.o(i.ST7735_FillRect) refers to st7735.o(.data) for _width
    st7735.o(i.ST7735_FillScreen) refers to st7735.o(i.ST7735_FillRect) for ST7735_FillRect
    st7735.o(i.ST7735_FillScreen) refers to st7735.o(.data) for _height
    st7735.o(i.ST7735_InitB) refers to st7735.o(i.commonInit) for commonInit
    st7735.o(i.ST7735_InitB) refers to st7735.o(i.ST7735_SetCursor) for ST7735_SetCursor
    st7735.o(i.ST7735_InitB) refers to st7735.o(i.ST7735_FillScreen) for ST7735_FillScreen
    st7735.o(i.ST7735_InitB) refers to st7735.o(.constdata) for Bcmd
    st7735.o(i.ST7735_InitB) refers to st7735.o(.data) for StTextColor
    st7735.o(i.ST7735_InitR) refers to st7735.o(i.commonInit) for commonInit
    st7735.o(i.ST7735_InitR) refers to st7735.o(i.commandList) for commandList
    st7735.o(i.ST7735_InitR) refers to st7735.o(i.writecommand) for writecommand
    st7735.o(i.ST7735_InitR) refers to st7735.o(i.writedata) for writedata
    st7735.o(i.ST7735_InitR) refers to st7735.o(i.ST7735_SetCursor) for ST7735_SetCursor
    st7735.o(i.ST7735_InitR) refers to st7735.o(i.ST7735_FillScreen) for ST7735_FillScreen
    st7735.o(i.ST7735_InitR) refers to st7735.o(.constdata) for Rcmd1
    st7735.o(i.ST7735_InitR) refers to st7735.o(.data) for ColStart
    st7735.o(i.ST7735_InvertDisplay) refers to st7735.o(i.writecommand) for writecommand
    st7735.o(i.ST7735_OutChar) refers to st7735.o(i.ST7735_DrawString) for ST7735_DrawString
    st7735.o(i.ST7735_OutChar) refers to st7735.o(i.ST7735_DrawCharS) for ST7735_DrawCharS
    st7735.o(i.ST7735_OutChar) refers to st7735.o(.data) for StY
    st7735.o(i.ST7735_OutString) refers to st7735.o(i.ST7735_OutChar) for ST7735_OutChar
    st7735.o(i.ST7735_OutUDec) refers to st7735.o(i.fillmessage) for fillmessage
    st7735.o(i.ST7735_OutUDec) refers to st7735.o(i.ST7735_DrawString) for ST7735_DrawString
    st7735.o(i.ST7735_OutUDec) refers to st7735.o(i.ST7735_DrawCharS) for ST7735_DrawCharS
    st7735.o(i.ST7735_OutUDec) refers to st7735.o(.data) for Messageindex
    st7735.o(i.ST7735_OutUDec) refers to st7735.o(.bss) for Message
    st7735.o(i.ST7735_PlotBar) refers to st7735.o(i.ST7735_DrawFastVLine) for ST7735_DrawFastVLine
    st7735.o(i.ST7735_PlotBar) refers to st7735.o(.data) for Ymin
    st7735.o(i.ST7735_PlotClear) refers to st7735.o(i.ST7735_Color565) for ST7735_Color565
    st7735.o(i.ST7735_PlotClear) refers to st7735.o(i.ST7735_FillRect) for ST7735_FillRect
    st7735.o(i.ST7735_PlotClear) refers to st7735.o(.data) for Ymax
    st7735.o(i.ST7735_PlotLine) refers to st7735.o(i.ST7735_DrawPixel) for ST7735_DrawPixel
    st7735.o(i.ST7735_PlotLine) refers to st7735.o(.data) for Ymin
    st7735.o(i.ST7735_PlotNext) refers to st7735.o(.data) for X
    st7735.o(i.ST7735_PlotNextErase) refers to st7735.o(i.ST7735_Color565) for ST7735_Color565
    st7735.o(i.ST7735_PlotNextErase) refers to st7735.o(i.ST7735_DrawFastVLine) for ST7735_DrawFastVLine
    st7735.o(i.ST7735_PlotNextErase) refers to st7735.o(.data) for X
    st7735.o(i.ST7735_PlotPoint) refers to st7735.o(i.ST7735_DrawPixel) for ST7735_DrawPixel
    st7735.o(i.ST7735_PlotPoint) refers to st7735.o(.data) for Ymin
    st7735.o(i.ST7735_PlotPoints) refers to st7735.o(i.ST7735_DrawPixel) for ST7735_DrawPixel
    st7735.o(i.ST7735_PlotPoints) refers to st7735.o(.data) for Ymin
    st7735.o(i.ST7735_PlotdBfs) refers to st7735.o(i.ST7735_DrawFastVLine) for ST7735_DrawFastVLine
    st7735.o(i.ST7735_PlotdBfs) refers to st7735.o(.constdata) for dBfs
    st7735.o(i.ST7735_PlotdBfs) refers to st7735.o(.data) for X
    st7735.o(i.ST7735_SetCursor) refers to st7735.o(.data) for StX
    st7735.o(i.ST7735_SetRotation) refers to st7735.o(i.writecommand) for writecommand
    st7735.o(i.ST7735_SetRotation) refers to st7735.o(i.writedata) for writedata
    st7735.o(i.ST7735_SetRotation) refers to st7735.o(.data) for Rotation
    st7735.o(i.ST7735_SetTextColor) refers to st7735.o(.data) for StTextColor
    st7735.o(i.commandList) refers to st7735.o(i.writecommand) for writecommand
    st7735.o(i.commandList) refers to st7735.o(i.writedata) for writedata
    st7735.o(i.commandList) refers to st7735.o(i.Delay1ms) for Delay1ms
    st7735.o(i.commonInit) refers to st7735.o(i.Delay1ms) for Delay1ms
    st7735.o(i.commonInit) refers to st7735.o(i.commandList) for commandList
    st7735.o(i.commonInit) refers to st7735.o(.data) for RowStart
    st7735.o(i.fillmessage) refers to st7735.o(.bss) for Message
    st7735.o(i.fillmessage) refers to st7735.o(.data) for Messageindex
    st7735.o(i.fputc) refers to st7735.o(i.ST7735_OutChar) for ST7735_OutChar
    st7735.o(i.pushColor) refers to st7735.o(i.writedata) for writedata
    st7735.o(i.setAddrWindow) refers to st7735.o(i.writecommand) for writecommand
    st7735.o(i.setAddrWindow) refers to st7735.o(i.writedata) for writedata
    st7735.o(i.setAddrWindow) refers to st7735.o(.data) for ColStart
    timer.o(i.Timer0A_Handler) refers to startup.o(.text) for StartCritical
    timer.o(i.Timer0A_Handler) refers to floatmultiply.o(.text) for FloatMultiply
    timer.o(i.Timer0A_Handler) refers to pwm.o(i.PWM0_1B_Duty) for PWM0_1B_Duty
    timer.o(i.Timer0A_Handler) refers to pwm.o(i.PWM0_3A_Duty) for PWM0_3A_Duty
    timer.o(i.Timer0A_Handler) refers to pwm.o(i.PWM0_1A_Duty) for PWM0_1A_Duty
    timer.o(i.Timer0A_Handler) refers to timer.o(.data) for phaseOne
    timer.o(i.Timer0A_Handler) refers to timer.o(.constdata) for sineTable
    timer.o(i.Timer0A_Init) refers to startup.o(.text) for StartCritical
    timer.o(i.Timer1A_Handler) refers to timer.o(i.Timer1A_Disable) for Timer1A_Disable
    timer.o(i.Timer1A_Handler) refers to timer.o(.data) for lastVal
    timer.o(i.Timer1A_Init) refers to startup.o(.text) for StartCritical
    timer.o(i.Timer2A_Init) refers to startup.o(.text) for StartCritical
    timer.o(i.Timer2B_Handler) refers to startup.o(.text) for StartCritical
    timer.o(i.Timer2B_Init) refers to startup.o(.text) for StartCritical
    timer.o(i.Timer3A_Init) refers to startup.o(.text) for StartCritical
    switch.o(i.GPIOPortF_Handler) refers to startup.o(.text) for StartCritical
    switch.o(i.GPIOPortF_Handler) refers to timer.o(i.Timer1A_Enable) for Timer1A_Enable
    switch.o(i.GPIOPortF_Handler) refers to main.o(.data) for motorConstant
    adc.o(i.ADC0Seq0_Handler) refers to main.o(.bss) for data
    adc.o(i.ADC1Seq0_Handler) refers to main.o(.bss) for data
    floatmultiply.o(.text) refers to floatmultiply.o(DATA) for N
    main.o(i.GrabCalibration) refers to st7735.o(i.Output_Clear) for Output_Clear
    main.o(i.GrabCalibration) refers to st7735.o(i.ST7735_SetCursor) for ST7735_SetCursor
    main.o(i.GrabCalibration) refers to printf6.o(i.__0printf$6) for __2printf
    main.o(i.GrabCalibration) refers to main.o(.data) for motorConstant
    main.o(i.PrintSplash) refers to st7735.o(i.ST7735_SetRotation) for ST7735_SetRotation
    main.o(i.PrintSplash) refers to st7735.o(i.ST7735_DrawBitmap) for ST7735_DrawBitmap
    main.o(i.PrintSplash) refers to st7735.o(i.ST7735_Color565) for ST7735_Color565
    main.o(i.PrintSplash) refers to st7735.o(i.ST7735_DrawCharS) for ST7735_DrawCharS
    main.o(i.PrintSplash) refers to st7735.o(i.ST7735_SetCursor) for ST7735_SetCursor
    main.o(i.PrintSplash) refers to printf6.o(i.__0printf$6) for __2printf
    main.o(i.PrintSplash) refers to main.o(i.DelayWait10ms) for DelayWait10ms
    main.o(i.PrintSplash) refers to main.o(.constdata) for Logo
    main.o(i.main) refers to pll.o(i.PLL_Init) for PLL_Init
    main.o(i.main) refers to switch.o(i.Switch_Init) for Switch_Init
    main.o(i.main) refers to pwm.o(i.PWM0_1_Init) for PWM0_1_Init
    main.o(i.main) refers to pwm.o(i.PWM0_3_Init) for PWM0_3_Init
    main.o(i.main) refers to adc.o(i.ADC0_Init) for ADC0_Init
    main.o(i.main) refers to timer.o(i.Timer0A_Init) for Timer0A_Init
    main.o(i.main) refers to timer.o(i.Timer1A_Init) for Timer1A_Init
    main.o(i.main) refers to timer.o(i.Timer2A_Init) for Timer2A_Init
    main.o(i.main) refers to st7735.o(i.Output_Init) for Output_Init
    main.o(i.main) refers to main.o(i.PrintSplash) for PrintSplash
    main.o(i.main) refers to main.o(i.GrabCalibration) for GrabCalibration
    main.o(i.main) refers to startup.o(.text) for EnableInterrupts
    main.o(i.main) refers to st7735.o(i.Output_Clear) for Output_Clear
    main.o(i.main) refers to printf6.o(i.__0sprintf$6) for __2sprintf
    main.o(i.main) refers to st7735.o(i.ST7735_SetCursor) for ST7735_SetCursor
    main.o(i.main) refers to printf6.o(i.__0printf$6) for __2printf
    main.o(i.main) refers to main.o(.bss) for data
    mpptfunctions.o(i.read_I) refers to main.o(.bss) for data
    mpptfunctions.o(i.read_V) refers to main.o(.bss) for data
    mpptfunctions.o(i.read_dI) refers to mpptfunctions.o(i.read_I) for read_I
    mpptfunctions.o(i.read_dV) refers to mpptfunctions.o(i.read_V) for read_V
    entry.o(.ARM.Collect$$$$00000000) refers (Special) to entry10a.o(.ARM.Collect$$$$0000000D) for __rt_final_cpp
    entry.o(.ARM.Collect$$$$00000000) refers (Special) to entry11a.o(.ARM.Collect$$$$0000000F) for __rt_final_exit
    entry.o(.ARM.Collect$$$$00000000) refers (Special) to entry7b.o(.ARM.Collect$$$$00000008) for _main_clock
    entry.o(.ARM.Collect$$$$00000000) refers (Special) to entry8b.o(.ARM.Collect$$$$0000000A) for _main_cpp_init
    entry.o(.ARM.Collect$$$$00000000) refers (Special) to entry9a.o(.ARM.Collect$$$$0000000B) for _main_init
    entry.o(.ARM.Collect$$$$00000000) refers (Special) to entry5.o(.ARM.Collect$$$$00000004) for _main_scatterload
    entry.o(.ARM.Collect$$$$00000000) refers (Special) to entry2.o(.ARM.Collect$$$$00000001) for _main_stk
    printfb.o(i.__0fprintf$bare) refers to printfb.o(i._printf_core) for _printf_core
    printfb.o(i.__0fprintf$bare) refers to st7735.o(i.fputc) for fputc
    printfb.o(i.__0printf$bare) refers to printfb.o(i._printf_core) for _printf_core
    printfb.o(i.__0printf$bare) refers to st7735.o(i.fputc) for fputc
    printfb.o(i.__0printf$bare) refers to stdout.o(.data) for __stdout
    printfb.o(i.__0snprintf$bare) refers to printfb.o(i._printf_core) for _printf_core
    printfb.o(i.__0snprintf$bare) refers to printfb.o(i._snputc) for _snputc
    printfb.o(i.__0sprintf$bare) refers to printfb.o(i._printf_core) for _printf_core
    printfb.o(i.__0sprintf$bare) refers to printfb.o(i._sputc) for _sputc
    printfb.o(i.__0vfprintf$bare) refers to printfb.o(i._printf_core) for _printf_core
    printfb.o(i.__0vfprintf$bare) refers to st7735.o(i.fputc) for fputc
    printfb.o(i.__0vprintf$bare) refers to printfb.o(i._printf_core) for _printf_core
    printfb.o(i.__0vprintf$bare) refers to st7735.o(i.fputc) for fputc
    printfb.o(i.__0vprintf$bare) refers to stdout.o(.data) for __stdout
    printfb.o(i.__0vsnprintf$bare) refers to printfb.o(i._printf_core) for _printf_core
    printfb.o(i.__0vsnprintf$bare) refers to printfb.o(i._snputc) for _snputc
    printfb.o(i.__0vsprintf$bare) refers to printfb.o(i._printf_core) for _printf_core
    printfb.o(i.__0vsprintf$bare) refers to printfb.o(i._sputc) for _sputc
    printf0.o(i.__0fprintf$0) refers to printf0.o(i._printf_core) for _printf_core
    printf0.o(i.__0fprintf$0) refers to st7735.o(i.fputc) for fputc
    printf0.o(i.__0printf$0) refers to printf0.o(i._printf_core) for _printf_core
    printf0.o(i.__0printf$0) refers to st7735.o(i.fputc) for fputc
    printf0.o(i.__0printf$0) refers to stdout.o(.data) for __stdout
    printf0.o(i.__0snprintf$0) refers to printf0.o(i._printf_core) for _printf_core
    printf0.o(i.__0snprintf$0) refers to printf0.o(i._snputc) for _snputc
    printf0.o(i.__0sprintf$0) refers to printf0.o(i._printf_core) for _printf_core
    printf0.o(i.__0sprintf$0) refers to printf0.o(i._sputc) for _sputc
    printf0.o(i.__0vfprintf$0) refers to printf0.o(i._printf_core) for _printf_core
    printf0.o(i.__0vfprintf$0) refers to st7735.o(i.fputc) for fputc
    printf0.o(i.__0vprintf$0) refers to printf0.o(i._printf_core) for _printf_core
    printf0.o(i.__0vprintf$0) refers to st7735.o(i.fputc) for fputc
    printf0.o(i.__0vprintf$0) refers to stdout.o(.data) for __stdout
    printf0.o(i.__0vsnprintf$0) refers to printf0.o(i._printf_core) for _printf_core
    printf0.o(i.__0vsnprintf$0) refers to printf0.o(i._snputc) for _snputc
    printf0.o(i.__0vsprintf$0) refers to printf0.o(i._printf_core) for _printf_core
    printf0.o(i.__0vsprintf$0) refers to printf0.o(i._sputc) for _sputc
    printf1.o(i.__0fprintf$1) refers to printf1.o(i._printf_core) for _printf_core
    printf1.o(i.__0fprintf$1) refers to st7735.o(i.fputc) for fputc
    printf1.o(i.__0printf$1) refers to printf1.o(i._printf_core) for _printf_core
    printf1.o(i.__0printf$1) refers to st7735.o(i.fputc) for fputc
    printf1.o(i.__0printf$1) refers to stdout.o(.data) for __stdout
    printf1.o(i.__0snprintf$1) refers to printf1.o(i._printf_core) for _printf_core
    printf1.o(i.__0snprintf$1) refers to printf1.o(i._snputc) for _snputc
    printf1.o(i.__0sprintf$1) refers to printf1.o(i._printf_core) for _printf_core
    printf1.o(i.__0sprintf$1) refers to printf1.o(i._sputc) for _sputc
    printf1.o(i.__0vfprintf$1) refers to printf1.o(i._printf_core) for _printf_core
    printf1.o(i.__0vfprintf$1) refers to st7735.o(i.fputc) for fputc
    printf1.o(i.__0vprintf$1) refers to printf1.o(i._printf_core) for _printf_core
    printf1.o(i.__0vprintf$1) refers to st7735.o(i.fputc) for fputc
    printf1.o(i.__0vprintf$1) refers to stdout.o(.data) for __stdout
    printf1.o(i.__0vsnprintf$1) refers to printf1.o(i._printf_core) for _printf_core
    printf1.o(i.__0vsnprintf$1) refers to printf1.o(i._snputc) for _snputc
    printf1.o(i.__0vsprintf$1) refers to printf1.o(i._printf_core) for _printf_core
    printf1.o(i.__0vsprintf$1) refers to printf1.o(i._sputc) for _sputc
    printf1.o(i._printf_core) refers to uidiv.o(.text) for __aeabi_uidivmod
    printf2.o(i.__0fprintf$2) refers to printf2.o(i._printf_core) for _printf_core
    printf2.o(i.__0fprintf$2) refers to st7735.o(i.fputc) for fputc
    printf2.o(i.__0printf$2) refers to printf2.o(i._printf_core) for _printf_core
    printf2.o(i.__0printf$2) refers to st7735.o(i.fputc) for fputc
    printf2.o(i.__0printf$2) refers to stdout.o(.data) for __stdout
    printf2.o(i.__0snprintf$2) refers to printf2.o(i._printf_core) for _printf_core
    printf2.o(i.__0snprintf$2) refers to printf2.o(i._snputc) for _snputc
    printf2.o(i.__0sprintf$2) refers to printf2.o(i._printf_core) for _printf_core
    printf2.o(i.__0sprintf$2) refers to printf2.o(i._sputc) for _sputc
    printf2.o(i.__0vfprintf$2) refers to printf2.o(i._printf_core) for _printf_core
    printf2.o(i.__0vfprintf$2) refers to st7735.o(i.fputc) for fputc
    printf2.o(i.__0vprintf$2) refers to printf2.o(i._printf_core) for _printf_core
    printf2.o(i.__0vprintf$2) refers to st7735.o(i.fputc) for fputc
    printf2.o(i.__0vprintf$2) refers to stdout.o(.data) for __stdout
    printf2.o(i.__0vsnprintf$2) refers to printf2.o(i._printf_core) for _printf_core
    printf2.o(i.__0vsnprintf$2) refers to printf2.o(i._snputc) for _snputc
    printf2.o(i.__0vsprintf$2) refers to printf2.o(i._printf_core) for _printf_core
    printf2.o(i.__0vsprintf$2) refers to printf2.o(i._sputc) for _sputc
    printf3.o(i.__0fprintf$3) refers to printf3.o(i._printf_core) for _printf_core
    printf3.o(i.__0fprintf$3) refers to st7735.o(i.fputc) for fputc
    printf3.o(i.__0printf$3) refers to printf3.o(i._printf_core) for _printf_core
    printf3.o(i.__0printf$3) refers to st7735.o(i.fputc) for fputc
    printf3.o(i.__0printf$3) refers to stdout.o(.data) for __stdout
    printf3.o(i.__0snprintf$3) refers to printf3.o(i._printf_core) for _printf_core
    printf3.o(i.__0snprintf$3) refers to printf3.o(i._snputc) for _snputc
    printf3.o(i.__0sprintf$3) refers to printf3.o(i._printf_core) for _printf_core
    printf3.o(i.__0sprintf$3) refers to printf3.o(i._sputc) for _sputc
    printf3.o(i.__0vfprintf$3) refers to printf3.o(i._printf_core) for _printf_core
    printf3.o(i.__0vfprintf$3) refers to st7735.o(i.fputc) for fputc
    printf3.o(i.__0vprintf$3) refers to printf3.o(i._printf_core) for _printf_core
    printf3.o(i.__0vprintf$3) refers to st7735.o(i.fputc) for fputc
    printf3.o(i.__0vprintf$3) refers to stdout.o(.data) for __stdout
    printf3.o(i.__0vsnprintf$3) refers to printf3.o(i._printf_core) for _printf_core
    printf3.o(i.__0vsnprintf$3) refers to printf3.o(i._snputc) for _snputc
    printf3.o(i.__0vsprintf$3) refers to printf3.o(i._printf_core) for _printf_core
    printf3.o(i.__0vsprintf$3) refers to printf3.o(i._sputc) for _sputc
    printf3.o(i._printf_core) refers to uidiv.o(.text) for __aeabi_uidivmod
    printf4.o(i.__0fprintf$4) refers to printf4.o(i._printf_core) for _printf_core
    printf4.o(i.__0fprintf$4) refers to st7735.o(i.fputc) for fputc
    printf4.o(i.__0printf$4) refers to printf4.o(i._printf_core) for _printf_core
    printf4.o(i.__0printf$4) refers to st7735.o(i.fputc) for fputc
    printf4.o(i.__0printf$4) refers to stdout.o(.data) for __stdout
    printf4.o(i.__0snprintf$4) refers to printf4.o(i._printf_core) for _printf_core
    printf4.o(i.__0snprintf$4) refers to printf4.o(i._snputc) for _snputc
    printf4.o(i.__0sprintf$4) refers to printf4.o(i._printf_core) for _printf_core
    printf4.o(i.__0sprintf$4) refers to printf4.o(i._sputc) for _sputc
    printf4.o(i.__0vfprintf$4) refers to printf4.o(i._printf_core) for _printf_core
    printf4.o(i.__0vfprintf$4) refers to st7735.o(i.fputc) for fputc
    printf4.o(i.__0vprintf$4) refers to printf4.o(i._printf_core) for _printf_core
    printf4.o(i.__0vprintf$4) refers to st7735.o(i.fputc) for fputc
    printf4.o(i.__0vprintf$4) refers to stdout.o(.data) for __stdout
    printf4.o(i.__0vsnprintf$4) refers to printf4.o(i._printf_core) for _printf_core
    printf4.o(i.__0vsnprintf$4) refers to printf4.o(i._snputc) for _snputc
    printf4.o(i.__0vsprintf$4) refers to printf4.o(i._printf_core) for _printf_core
    printf4.o(i.__0vsprintf$4) refers to printf4.o(i._sputc) for _sputc
    printf4.o(i._printf_core) refers to uldiv.o(.text) for __aeabi_uldivmod
    printf5.o(i.__0fprintf$5) refers to printf5.o(i._printf_core) for _printf_core
    printf5.o(i.__0fprintf$5) refers to st7735.o(i.fputc) for fputc
    printf5.o(i.__0printf$5) refers to printf5.o(i._printf_core) for _printf_core
    printf5.o(i.__0printf$5) refers to st7735.o(i.fputc) for fputc
    printf5.o(i.__0printf$5) refers to stdout.o(.data) for __stdout
    printf5.o(i.__0snprintf$5) refers to printf5.o(i._printf_core) for _printf_core
    printf5.o(i.__0snprintf$5) refers to printf5.o(i._snputc) for _snputc
    printf5.o(i.__0sprintf$5) refers to printf5.o(i._printf_core) for _printf_core
    printf5.o(i.__0sprintf$5) refers to printf5.o(i._sputc) for _sputc
    printf5.o(i.__0vfprintf$5) refers to printf5.o(i._printf_core) for _printf_core
    printf5.o(i.__0vfprintf$5) refers to st7735.o(i.fputc) for fputc
    printf5.o(i.__0vprintf$5) refers to printf5.o(i._printf_core) for _printf_core
    printf5.o(i.__0vprintf$5) refers to st7735.o(i.fputc) for fputc
    printf5.o(i.__0vprintf$5) refers to stdout.o(.data) for __stdout
    printf5.o(i.__0vsnprintf$5) refers to printf5.o(i._printf_core) for _printf_core
    printf5.o(i.__0vsnprintf$5) refers to printf5.o(i._snputc) for _snputc
    printf5.o(i.__0vsprintf$5) refers to printf5.o(i._printf_core) for _printf_core
    printf5.o(i.__0vsprintf$5) refers to printf5.o(i._sputc) for _sputc
    printf5.o(i._printf_core) refers to uldiv.o(.text) for __aeabi_uldivmod
    printf6.o(i.__0fprintf$6) refers to printf6.o(i._printf_core) for _printf_core
    printf6.o(i.__0fprintf$6) refers to st7735.o(i.fputc) for fputc
    printf6.o(i.__0printf$6) refers to printf6.o(i._printf_core) for _printf_core
    printf6.o(i.__0printf$6) refers to st7735.o(i.fputc) for fputc
    printf6.o(i.__0printf$6) refers to stdout.o(.data) for __stdout
    printf6.o(i.__0snprintf$6) refers to printf6.o(i._printf_core) for _printf_core
    printf6.o(i.__0snprintf$6) refers to printf6.o(i._snputc) for _snputc
    printf6.o(i.__0sprintf$6) refers to printf6.o(i._printf_core) for _printf_core
    printf6.o(i.__0sprintf$6) refers to printf6.o(i._sputc) for _sputc
    printf6.o(i.__0vfprintf$6) refers to printf6.o(i._printf_core) for _printf_core
    printf6.o(i.__0vfprintf$6) refers to st7735.o(i.fputc) for fputc
    printf6.o(i.__0vprintf$6) refers to printf6.o(i._printf_core) for _printf_core
    printf6.o(i.__0vprintf$6) refers to st7735.o(i.fputc) for fputc
    printf6.o(i.__0vprintf$6) refers to stdout.o(.data) for __stdout
    printf6.o(i.__0vsnprintf$6) refers to printf6.o(i._printf_core) for _printf_core
    printf6.o(i.__0vsnprintf$6) refers to printf6.o(i._snputc) for _snputc
    printf6.o(i.__0vsprintf$6) refers to printf6.o(i._printf_core) for _printf_core
    printf6.o(i.__0vsprintf$6) refers to printf6.o(i._sputc) for _sputc
    printf6.o(i._printf_core) refers to printf6.o(i._printf_pre_padding) for _printf_pre_padding
    printf6.o(i._printf_core) refers to uidiv.o(.text) for __aeabi_uidivmod
    printf6.o(i._printf_core) refers to printf6.o(i._printf_post_padding) for _printf_post_padding
    printf7.o(i.__0fprintf$7) refers to printf7.o(i._printf_core) for _printf_core
    printf7.o(i.__0fprintf$7) refers to st7735.o(i.fputc) for fputc
    printf7.o(i.__0printf$7) refers to printf7.o(i._printf_core) for _printf_core
    printf7.o(i.__0printf$7) refers to st7735.o(i.fputc) for fputc
    printf7.o(i.__0printf$7) refers to stdout.o(.data) for __stdout
    printf7.o(i.__0snprintf$7) refers to printf7.o(i._printf_core) for _printf_core
    printf7.o(i.__0snprintf$7) refers to printf7.o(i._snputc) for _snputc
    printf7.o(i.__0sprintf$7) refers to printf7.o(i._printf_core) for _printf_core
    printf7.o(i.__0sprintf$7) refers to printf7.o(i._sputc) for _sputc
    printf7.o(i.__0vfprintf$7) refers to printf7.o(i._printf_core) for _printf_core
    printf7.o(i.__0vfprintf$7) refers to st7735.o(i.fputc) for fputc
    printf7.o(i.__0vprintf$7) refers to printf7.o(i._printf_core) for _printf_core
    printf7.o(i.__0vprintf$7) refers to st7735.o(i.fputc) for fputc
    printf7.o(i.__0vprintf$7) refers to stdout.o(.data) for __stdout
    printf7.o(i.__0vsnprintf$7) refers to printf7.o(i._printf_core) for _printf_core
    printf7.o(i.__0vsnprintf$7) refers to printf7.o(i._snputc) for _snputc
    printf7.o(i.__0vsprintf$7) refers to printf7.o(i._printf_core) for _printf_core
    printf7.o(i.__0vsprintf$7) refers to printf7.o(i._sputc) for _sputc
    printf7.o(i._printf_core) refers to printf7.o(i._printf_pre_padding) for _printf_pre_padding
    printf7.o(i._printf_core) refers to uldiv.o(.text) for __aeabi_uldivmod
    printf7.o(i._printf_core) refers to printf7.o(i._printf_post_padding) for _printf_post_padding
    printf8.o(i.__0fprintf$8) refers to printf8.o(i._printf_core) for _printf_core
    printf8.o(i.__0fprintf$8) refers to st7735.o(i.fputc) for fputc
    printf8.o(i.__0printf$8) refers to printf8.o(i._printf_core) for _printf_core
    printf8.o(i.__0printf$8) refers to st7735.o(i.fputc) for fputc
    printf8.o(i.__0printf$8) refers to stdout.o(.data) for __stdout
    printf8.o(i.__0snprintf$8) refers to printf8.o(i._printf_core) for _printf_core
    printf8.o(i.__0snprintf$8) refers to printf8.o(i._snputc) for _snputc
    printf8.o(i.__0sprintf$8) refers to printf8.o(i._printf_core) for _printf_core
    printf8.o(i.__0sprintf$8) refers to printf8.o(i._sputc) for _sputc
    printf8.o(i.__0vfprintf$8) refers to printf8.o(i._printf_core) for _printf_core
    printf8.o(i.__0vfprintf$8) refers to st7735.o(i.fputc) for fputc
    printf8.o(i.__0vprintf$8) refers to printf8.o(i._printf_core) for _printf_core
    printf8.o(i.__0vprintf$8) refers to st7735.o(i.fputc) for fputc
    printf8.o(i.__0vprintf$8) refers to stdout.o(.data) for __stdout
    printf8.o(i.__0vsnprintf$8) refers to printf8.o(i._printf_core) for _printf_core
    printf8.o(i.__0vsnprintf$8) refers to printf8.o(i._snputc) for _snputc
    printf8.o(i.__0vsprintf$8) refers to printf8.o(i._printf_core) for _printf_core
    printf8.o(i.__0vsprintf$8) refers to printf8.o(i._sputc) for _sputc
    printf8.o(i._printf_core) refers to printf8.o(i._printf_pre_padding) for _printf_pre_padding
    printf8.o(i._printf_core) refers to uldiv.o(.text) for __aeabi_uldivmod
    printf8.o(i._printf_core) refers to printf8.o(i._printf_post_padding) for _printf_post_padding
    printfa.o(i.__0fprintf) refers (Special) to iusefp.o(.text) for __I$use$fp
    printfa.o(i.__0fprintf) refers to printfa.o(i._printf_core) for _printf_core
    printfa.o(i.__0fprintf) refers to st7735.o(i.fputc) for fputc
    printfa.o(i.__0printf) refers (Special) to iusefp.o(.text) for __I$use$fp
    printfa.o(i.__0printf) refers to printfa.o(i._printf_core) for _printf_core
    printfa.o(i.__0printf) refers to st7735.o(i.fputc) for fputc
    printfa.o(i.__0printf) refers to stdout.o(.data) for __stdout
    printfa.o(i.__0snprintf) refers (Special) to iusefp.o(.text) for __I$use$fp
    printfa.o(i.__0snprintf) refers to printfa.o(i._printf_core) for _printf_core
    printfa.o(i.__0snprintf) refers to printfa.o(i._snputc) for _snputc
    printfa.o(i.__0sprintf) refers (Special) to iusefp.o(.text) for __I$use$fp
    printfa.o(i.__0sprintf) refers to printfa.o(i._printf_core) for _printf_core
    printfa.o(i.__0sprintf) refers to printfa.o(i._sputc) for _sputc
    printfa.o(i.__0vfprintf) refers (Special) to iusefp.o(.text) for __I$use$fp
    printfa.o(i.__0vfprintf) refers to printfa.o(i._printf_core) for _printf_core
    printfa.o(i.__0vfprintf) refers to st7735.o(i.fputc) for fputc
    printfa.o(i.__0vprintf) refers (Special) to iusefp.o(.text) for __I$use$fp
    printfa.o(i.__0vprintf) refers to printfa.o(i._printf_core) for _printf_core
    printfa.o(i.__0vprintf) refers to st7735.o(i.fputc) for fputc
    printfa.o(i.__0vprintf) refers to stdout.o(.data) for __stdout
    printfa.o(i.__0vsnprintf) refers (Special) to iusefp.o(.text) for __I$use$fp
    printfa.o(i.__0vsnprintf) refers to printfa.o(i._printf_core) for _printf_core
    printfa.o(i.__0vsnprintf) refers to printfa.o(i._snputc) for _snputc
    printfa.o(i.__0vsprintf) refers (Special) to iusefp.o(.text) for __I$use$fp
    printfa.o(i.__0vsprintf) refers to printfa.o(i._printf_core) for _printf_core
    printfa.o(i.__0vsprintf) refers to printfa.o(i._sputc) for _sputc
    printfa.o(i._fp_digits) refers (Special) to iusefp.o(.text) for __I$use$fp
    printfa.o(i._fp_digits) refers to dmul.o(.text) for __aeabi_dmul
    printfa.o(i._fp_digits) refers to ddiv.o(.text) for __aeabi_ddiv
    printfa.o(i._fp_digits) refers to cdrcmple.o(.text) for __aeabi_cdrcmple
    printfa.o(i._fp_digits) refers to dadd.o(.text) for __aeabi_dadd
    printfa.o(i._fp_digits) refers to dfixul.o(.text) for __aeabi_d2ulz
    printfa.o(i._fp_digits) refers to uldiv.o(.text) for __aeabi_uldivmod
    printfa.o(i._printf_core) refers (Special) to iusefp.o(.text) for __I$use$fp
    printfa.o(i._printf_core) refers to printfa.o(i._printf_pre_padding) for _printf_pre_padding
    printfa.o(i._printf_core) refers to uldiv.o(.text) for __aeabi_uldivmod
    printfa.o(i._printf_core) refers to printfa.o(i._printf_post_padding) for _printf_post_padding
    printfa.o(i._printf_core) refers to printfa.o(i._fp_digits) for _fp_digits
    printfa.o(i._printf_core) refers to uidiv.o(.text) for __aeabi_uidivmod
    printfa.o(i._printf_post_padding) refers (Special) to iusefp.o(.text) for __I$use$fp
    printfa.o(i._printf_pre_padding) refers (Special) to iusefp.o(.text) for __I$use$fp
    printfa.o(i._snputc) refers (Special) to iusefp.o(.text) for __I$use$fp
    printfa.o(i._sputc) refers (Special) to iusefp.o(.text) for __I$use$fp
    entry2.o(.ARM.Collect$$$$00000001) refers to entry2.o(.ARM.Collect$$$$00002712) for __lit__00000000
    entry2.o(.ARM.Collect$$$$00002712) refers to startup.o(STACK) for __initial_sp
    entry2.o(__vectab_stack_and_reset_area) refers to startup.o(STACK) for __initial_sp
    entry2.o(__vectab_stack_and_reset_area) refers to entry.o(.ARM.Collect$$$$00000000) for __main
    entry5.o(.ARM.Collect$$$$00000004) refers to init.o(.text) for __scatterload
    entry9a.o(.ARM.Collect$$$$0000000B) refers to main.o(i.main) for main
    entry9b.o(.ARM.Collect$$$$0000000C) refers to main.o(i.main) for main
    uldiv.o(.text) refers to llushr.o(.text) for __aeabi_llsr
    uldiv.o(.text) refers to llshl.o(.text) for __aeabi_llsl
    dadd.o(.text) refers to llshl.o(.text) for __aeabi_llsl
    dadd.o(.text) refers to llsshr.o(.text) for __aeabi_lasr
    dadd.o(.text) refers to depilogue.o(.text) for _double_epilogue
    dmul.o(.text) refers to depilogue.o(.text) for _double_epilogue
    ddiv.o(.text) refers to depilogue.o(.text) for _double_round
    dfixul.o(.text) refers to llushr.o(.text) for __aeabi_llsr
    dfixul.o(.text) refers to llshl.o(.text) for __aeabi_llsl
    init.o(.text) refers to entry5.o(.ARM.Collect$$$$00000004) for __main_after_scatterload
    depilogue.o(.text) refers to llshl.o(.text) for __aeabi_llsl
    depilogue.o(.text) refers to llushr.o(.text) for __aeabi_llsr


==============================================================================

Removing Unused input sections from the image.

    Removing startup.o(HEAP), (0 bytes).
    Removing st7735.o(i.Output_Color), (12 bytes).
    Removing st7735.o(i.Output_Off), (8 bytes).
    Removing st7735.o(i.Output_On), (8 bytes).
    Removing st7735.o(i.ST7735_DrawChar), (268 bytes).
    Removing st7735.o(i.ST7735_DrawFastHLine), (124 bytes).
    Removing st7735.o(i.ST7735_DrawFastVLine), (124 bytes).
    Removing st7735.o(i.ST7735_InitB), (40 bytes).
    Removing st7735.o(i.ST7735_InvertDisplay), (22 bytes).
    Removing st7735.o(i.ST7735_OutString), (22 bytes).
    Removing st7735.o(i.ST7735_OutUDec), (140 bytes).
    Removing st7735.o(i.ST7735_PlotBar), (88 bytes).
    Removing st7735.o(i.ST7735_PlotClear), (92 bytes).
    Removing st7735.o(i.ST7735_PlotLine), (264 bytes).
    Removing st7735.o(i.ST7735_PlotNext), (32 bytes).
    Removing st7735.o(i.ST7735_PlotNextErase), (64 bytes).
    Removing st7735.o(i.ST7735_PlotPoint), (152 bytes).
    Removing st7735.o(i.ST7735_PlotPoints), (172 bytes).
    Removing st7735.o(i.ST7735_PlotdBfs), (60 bytes).
    Removing st7735.o(i.ST7735_SetTextColor), (12 bytes).
    Removing st7735.o(i.ST7735_SwapColor), (18 bytes).
    Removing st7735.o(i.ferror), (8 bytes).
    Removing st7735.o(i.fgetc), (6 bytes).
    Removing st7735.o(i.fillmessage), (72 bytes).
    Removing st7735.o(.bss), (12 bytes).
    Removing timer.o(i.Timer2B_Init), (120 bytes).
    Removing timer.o(i.Timer3A_Init), (132 bytes).
    Removing switch.o(.constdata), (1024 bytes).
    Removing switch.o(.data), (12 bytes).
    Removing adc.o(i.ADC1_Init), (80 bytes).
    Removing pwm.o(i.PWM0_0A_Duty), (12 bytes).
    Removing pwm.o(i.PWM0_0B_Duty), (12 bytes).
    Removing pwm.o(i.PWM0_0_Init), (200 bytes).
    Removing mpptfunctions.o(i.incond), (94 bytes).
    Removing mpptfunctions.o(i.po), (46 bytes).
    Removing mpptfunctions.o(i.read_I), (12 bytes).
    Removing mpptfunctions.o(i.read_V), (12 bytes).
    Removing mpptfunctions.o(i.read_dI), (30 bytes).
    Removing mpptfunctions.o(i.read_dV), (30 bytes).
    Removing mpptfunctions.o(i.set_duty), (2 bytes).
    Removing dadd.o(.text), (334 bytes).
    Removing dmul.o(.text), (228 bytes).
    Removing ddiv.o(.text), (222 bytes).
    Removing dfixul.o(.text), (48 bytes).
    Removing cdrcmple.o(.text), (40 bytes).
    Removing depilogue.o(.text), (190 bytes).

46 unused section(s) (total 4700 bytes) removed from the image.

==============================================================================

Image Symbol Table

    Local Symbols

    Symbol Name                              Value     Ov Type        Size  Object(Section)

    RESET                                    0x00000000   Section      660  startup.o(RESET)
    ../clib/microlib/division.c              0x00000000   Number         0  uldiv.o ABSOLUTE
    ../clib/microlib/division.c              0x00000000   Number         0  uidiv.o ABSOLUTE
    ../clib/microlib/init/entry.s            0x00000000   Number         0  entry11b.o ABSOLUTE
    ../clib/microlib/init/entry.s            0x00000000   Number         0  entry9a.o ABSOLUTE
    ../clib/microlib/init/entry.s            0x00000000   Number         0  entry10b.o ABSOLUTE
    ../clib/microlib/init/entry.s            0x00000000   Number         0  entry11a.o ABSOLUTE
    ../clib/microlib/init/entry.s            0x00000000   Number         0  entry.o ABSOLUTE
    ../clib/microlib/init/entry.s            0x00000000   Number         0  entry7a.o ABSOLUTE
    ../clib/microlib/init/entry.s            0x00000000   Number         0  entry9b.o ABSOLUTE
    ../clib/microlib/init/entry.s            0x00000000   Number         0  entry2.o ABSOLUTE
    ../clib/microlib/init/entry.s            0x00000000   Number         0  entry10a.o ABSOLUTE
    ../clib/microlib/init/entry.s            0x00000000   Number         0  entry5.o ABSOLUTE
    ../clib/microlib/init/entry.s            0x00000000   Number         0  entry7b.o ABSOLUTE
    ../clib/microlib/init/entry.s            0x00000000   Number         0  entry8b.o ABSOLUTE
    ../clib/microlib/init/entry.s            0x00000000   Number         0  entry8a.o ABSOLUTE
    ../clib/microlib/longlong.c              0x00000000   Number         0  llshl.o ABSOLUTE
    ../clib/microlib/longlong.c              0x00000000   Number         0  llsshr.o ABSOLUTE
    ../clib/microlib/longlong.c              0x00000000   Number         0  llushr.o ABSOLUTE
    ../clib/microlib/printf/printf.c         0x00000000   Number         0  printf2.o ABSOLUTE
    ../clib/microlib/printf/printf.c         0x00000000   Number         0  printf4.o ABSOLUTE
    ../clib/microlib/printf/printf.c         0x00000000   Number         0  printfa.o ABSOLUTE
    ../clib/microlib/printf/printf.c         0x00000000   Number         0  printf5.o ABSOLUTE
    ../clib/microlib/printf/printf.c         0x00000000   Number         0  printf7.o ABSOLUTE
    ../clib/microlib/printf/printf.c         0x00000000   Number         0  printf8.o ABSOLUTE
    ../clib/microlib/printf/printf.c         0x00000000   Number         0  printf6.o ABSOLUTE
    ../clib/microlib/printf/printf.c         0x00000000   Number         0  printf3.o ABSOLUTE
    ../clib/microlib/printf/printf.c         0x00000000   Number         0  printfb.o ABSOLUTE
    ../clib/microlib/printf/printf.c         0x00000000   Number         0  printf1.o ABSOLUTE
    ../clib/microlib/printf/printf.c         0x00000000   Number         0  printf0.o ABSOLUTE
    ../clib/microlib/printf/stubs.s          0x00000000   Number         0  stubs.o ABSOLUTE
    ../clib/microlib/stdio/streams.c         0x00000000   Number         0  stdout.o ABSOLUTE
    ../clib/microlib/stubs.s                 0x00000000   Number         0  iusefp.o ABSOLUTE
    ../fplib/microlib/fpadd.c                0x00000000   Number         0  dadd.o ABSOLUTE
    ../fplib/microlib/fpdiv.c                0x00000000   Number         0  ddiv.o ABSOLUTE
    ../fplib/microlib/fpepilogue.c           0x00000000   Number         0  depilogue.o ABSOLUTE
    ../fplib/microlib/fpfix.c                0x00000000   Number         0  dfixul.o ABSOLUTE
    ../fplib/microlib/fpmul.c                0x00000000   Number         0  dmul.o ABSOLUTE
    ADC.c                                    0x00000000   Number         0  adc.o ABSOLUTE
    FloatMultiply.s                          0x00000000   Number         0  floatmultiply.o ABSOLUTE
    MPPTmain.c                               0x00000000   Number         0  mpptmain.o ABSOLUTE
    PLL.c                                    0x00000000   Number         0  pll.o ABSOLUTE
    PWM.c                                    0x00000000   Number         0  pwm.o ABSOLUTE
    ST7735.c                                 0x00000000   Number         0  st7735.o ABSOLUTE
    cdrcmple.s                               0x00000000   Number         0  cdrcmple.o ABSOLUTE
    dc.s                                     0x00000000   Number         0  dc.o ABSOLUTE
    handlers.s                               0x00000000   Number         0  handlers.o ABSOLUTE
    init.s                                   0x00000000   Number         0  init.o ABSOLUTE
    main.c                                   0x00000000   Number         0  main.o ABSOLUTE
    mpptfunctions.c                          0x00000000   Number         0  mpptfunctions.o ABSOLUTE
    startup.s                                0x00000000   Number         0  startup.o ABSOLUTE
    switch.c                                 0x00000000   Number         0  switch.o ABSOLUTE
    timer.c                                  0x00000000   Number         0  timer.o ABSOLUTE
    $v0                                      0x0000026c   Number         0  startup.o(RESET)
    .ARM.Collect$$$$00000000                 0x00000294   Section        0  entry.o(.ARM.Collect$$$$00000000)
    .ARM.Collect$$$$00000001                 0x00000294   Section        4  entry2.o(.ARM.Collect$$$$00000001)
    .ARM.Collect$$$$00000004                 0x00000298   Section        4  entry5.o(.ARM.Collect$$$$00000004)
    .ARM.Collect$$$$00000008                 0x0000029c   Section        0  entry7b.o(.ARM.Collect$$$$00000008)
    .ARM.Collect$$$$0000000A                 0x0000029c   Section        0  entry8b.o(.ARM.Collect$$$$0000000A)
    .ARM.Collect$$$$0000000B                 0x0000029c   Section        8  entry9a.o(.ARM.Collect$$$$0000000B)
    .ARM.Collect$$$$0000000D                 0x000002a4   Section        0  entry10a.o(.ARM.Collect$$$$0000000D)
    .ARM.Collect$$$$0000000F                 0x000002a4   Section        0  entry11a.o(.ARM.Collect$$$$0000000F)
    .ARM.Collect$$$$00002712                 0x000002a4   Section        4  entry2.o(.ARM.Collect$$$$00002712)
    __lit__00000000                          0x000002a4   Data           4  entry2.o(.ARM.Collect$$$$00002712)
    .text                                    0x000002a8   Section       28  startup.o(.text)
    $v0                                      0x000002a8   Number         0  startup.o(.text)
    .text                                    0x000002c4   Section       24  floatmultiply.o(.text)
    $v0                                      0x000002c4   Number         0  floatmultiply.o(.text)
    .text                                    0x000002dc   Section        0  uidiv.o(.text)
    .text                                    0x00000308   Section       36  init.o(.text)
    i.ADC0Seq0_Handler                       0x0000032c   Section        0  adc.o(i.ADC0Seq0_Handler)
    i.ADC0_Init                              0x00000390   Section        0  adc.o(i.ADC0_Init)
    i.ADC1Seq0_Handler                       0x000004c0   Section        0  adc.o(i.ADC1Seq0_Handler)
    i.Delay1ms                               0x00000524   Section        0  st7735.o(i.Delay1ms)
    i.DelayWait10ms                          0x00000544   Section        0  main.o(i.DelayWait10ms)
    i.GPIOPortF_Handler                      0x00000564   Section        0  switch.o(i.GPIOPortF_Handler)
    i.GrabCalibration                        0x00000678   Section        0  main.o(i.GrabCalibration)
    i.Output_Clear                           0x00000744   Section        0  st7735.o(i.Output_Clear)
    i.Output_Init                            0x0000074e   Section        0  st7735.o(i.Output_Init)
    i.PLL_Init                               0x00000760   Section        0  pll.o(i.PLL_Init)
    i.PWM0_1A_Duty                           0x000007dc   Section        0  pwm.o(i.PWM0_1A_Duty)
    i.PWM0_1B_Duty                           0x000007e8   Section        0  pwm.o(i.PWM0_1B_Duty)
    i.PWM0_1_Init                            0x000007f4   Section        0  pwm.o(i.PWM0_1_Init)
    i.PWM0_3A_Duty                           0x000008e0   Section        0  pwm.o(i.PWM0_3A_Duty)
    i.PWM0_3_Init                            0x000008ec   Section        0  pwm.o(i.PWM0_3_Init)
    i.PrintSplash                            0x000009dc   Section        0  main.o(i.PrintSplash)
    i.ST7735_Color565                        0x00000cd8   Section        0  st7735.o(i.ST7735_Color565)
    i.ST7735_DrawBitmap                      0x00000cf0   Section        0  st7735.o(i.ST7735_DrawBitmap)
    i.ST7735_DrawCharS                       0x00000e10   Section        0  st7735.o(i.ST7735_DrawCharS)
    i.ST7735_DrawPixel                       0x00000f04   Section        0  st7735.o(i.ST7735_DrawPixel)
    i.ST7735_DrawString                      0x00000f50   Section        0  st7735.o(i.ST7735_DrawString)
    i.ST7735_FillRect                        0x00000fa4   Section        0  st7735.o(i.ST7735_FillRect)
    i.ST7735_FillScreen                      0x00001050   Section        0  st7735.o(i.ST7735_FillScreen)
    i.ST7735_InitR                           0x00001074   Section        0  st7735.o(i.ST7735_InitR)
    i.ST7735_OutChar                         0x000010f0   Section        0  st7735.o(i.ST7735_OutChar)
    i.ST7735_SetCursor                       0x000011c4   Section        0  st7735.o(i.ST7735_SetCursor)
    i.ST7735_SetRotation                     0x000011e4   Section        0  st7735.o(i.ST7735_SetRotation)
    i.Switch_Init                            0x000012b8   Section        0  switch.o(i.Switch_Init)
    i.Timer0A_Handler                        0x000013a4   Section        0  timer.o(i.Timer0A_Handler)
    i.Timer0A_Init                           0x000014b4   Section        0  timer.o(i.Timer0A_Init)
    i.Timer1A_Disable                        0x00001530   Section        0  timer.o(i.Timer1A_Disable)
    i.Timer1A_Enable                         0x00001544   Section        0  timer.o(i.Timer1A_Enable)
    i.Timer1A_Handler                        0x00001558   Section        0  timer.o(i.Timer1A_Handler)
    i.Timer1A_Init                           0x0000159c   Section        0  timer.o(i.Timer1A_Init)
    i.Timer2A_Init                           0x0000160c   Section        0  timer.o(i.Timer2A_Init)
    i.Timer2B_Handler                        0x00001690   Section        0  timer.o(i.Timer2B_Handler)
    i.__0printf$6                            0x000016ac   Section        0  printf6.o(i.__0printf$6)
    i.__0sprintf$6                           0x000016cc   Section        0  printf6.o(i.__0sprintf$6)
    i.__scatterload_copy                     0x000016f4   Section       14  handlers.o(i.__scatterload_copy)
    i.__scatterload_null                     0x00001702   Section        2  handlers.o(i.__scatterload_null)
    i.__scatterload_zeroinit                 0x00001704   Section       14  handlers.o(i.__scatterload_zeroinit)
    i._printf_core                           0x00001714   Section        0  printf6.o(i._printf_core)
    _printf_core                             0x00001715   Thumb Code   750  printf6.o(i._printf_core)
    i._printf_post_padding                   0x00001a08   Section        0  printf6.o(i._printf_post_padding)
    _printf_post_padding                     0x00001a09   Thumb Code    38  printf6.o(i._printf_post_padding)
    i._printf_pre_padding                    0x00001a2e   Section        0  printf6.o(i._printf_pre_padding)
    _printf_pre_padding                      0x00001a2f   Thumb Code    48  printf6.o(i._printf_pre_padding)
    i._sputc                                 0x00001a5e   Section        0  printf6.o(i._sputc)
    _sputc                                   0x00001a5f   Thumb Code    10  printf6.o(i._sputc)
    i.commandList                            0x00001a68   Section        0  st7735.o(i.commandList)
    commandList                              0x00001a69   Thumb Code    86  st7735.o(i.commandList)
    i.commonInit                             0x00001ac0   Section        0  st7735.o(i.commonInit)
    commonInit                               0x00001ac1   Thumb Code   340  st7735.o(i.commonInit)
    i.fputc                                  0x00001c44   Section        0  st7735.o(i.fputc)
    i.main                                   0x00001c54   Section        0  main.o(i.main)
    i.pushColor                              0x00001e48   Section        0  st7735.o(i.pushColor)
    pushColor                                0x00001e49   Thumb Code    18  st7735.o(i.pushColor)
    i.setAddrWindow                          0x00001e5c   Section        0  st7735.o(i.setAddrWindow)
    setAddrWindow                            0x00001e5d   Thumb Code   106  st7735.o(i.setAddrWindow)
    i.writecommand                           0x00001ed0   Section        0  st7735.o(i.writecommand)
    writecommand                             0x00001ed1   Thumb Code    40  st7735.o(i.writecommand)
    i.writedata                              0x00001f00   Section        0  st7735.o(i.writedata)
    writedata                                0x00001f01   Thumb Code    24  st7735.o(i.writedata)
    .constdata                               0x00001f20   Section     7458  st7735.o(.constdata)
    Logo                                     0x00001f20   Data        5440  st7735.o(.constdata)
    Font                                     0x00003460   Data        1275  st7735.o(.constdata)
    Bcmd                                     0x0000395b   Data         103  st7735.o(.constdata)
    Rcmd1                                    0x000039c2   Data          59  st7735.o(.constdata)
    Rcmd2green                               0x000039fd   Data          13  st7735.o(.constdata)
    Rcmd2red                                 0x00003a0a   Data          13  st7735.o(.constdata)
    Rcmd3                                    0x00003a17   Data          43  st7735.o(.constdata)
    .constdata                               0x00003c44   Section     1024  timer.o(.constdata)
    sineTable                                0x00003c44   Data        1024  timer.o(.constdata)
    .constdata                               0x00004044   Section     6464  main.o(.constdata)
    Logo                                     0x00004044   Data        5440  main.o(.constdata)
    sineTable                                0x00005584   Data        1024  main.o(.constdata)
    .data                                    0x20000000   Section       44  st7735.o(.data)
    _width                                   0x2000000a   Data           2  st7735.o(.data)
    _height                                  0x2000000c   Data           2  st7735.o(.data)
    ColStart                                 0x20000014   Data           1  st7735.o(.data)
    RowStart                                 0x20000015   Data           1  st7735.o(.data)
    Rotation                                 0x20000016   Data           1  st7735.o(.data)
    TabColor                                 0x20000017   Data           1  st7735.o(.data)
    .data                                    0x2000002c   Section       30  timer.o(.data)
    phaseOne                                 0x2000002c   Data           4  timer.o(.data)
    phaseTwo                                 0x20000030   Data           4  timer.o(.data)
    phaseThree                               0x20000034   Data           4  timer.o(.data)
    .data                                    0x2000004c   Section       20  main.o(.data)
    phaseOne                                 0x2000004c   Data           4  main.o(.data)
    phaseTwo                                 0x20000050   Data           4  main.o(.data)
    phaseThree                               0x20000054   Data           4  main.o(.data)
    .data                                    0x20000060   Section        4  stdout.o(.data)
    DATA                                     0x20000064   Section        8  floatmultiply.o(DATA)
    T                                        0x20000064   Data           4  floatmultiply.o(DATA)
    N                                        0x20000068   Data           4  floatmultiply.o(DATA)
    .bss                                     0x2000006c   Section       32  main.o(.bss)
    STACK                                    0x20000090   Section     1024  startup.o(STACK)
    StackMem                                 0x20000090   Data           0  startup.o(STACK)

    Global Symbols

    Symbol Name                              Value     Ov Type        Size  Object(Section)

    BuildAttributes$$THM_ISAv4$E$P$D$K$B$S$7EM$VFPi3$EXTD16$VFPS$VFMA$PE$A:L22UL41UL21$X:L11$S22US41US21$IEEE1$IW$USESV6$~STKCKD$USESV7$~SHL$OSPACE$ROPI$EBA8$MICROLIB$REQ8$PRES8$EABIv2 0x00000000   Number         0  anon$$obj.o ABSOLUTE
    __ARM_use_no_argv                        0x00000000   Number         0  main.o ABSOLUTE
    __Vectors                                0x00000000   Data           0  startup.o(RESET)
    _printf_a                                0x00000000   Number         0  stubs.o ABSOLUTE
    _printf_c                                0x00000000   Number         0  stubs.o ABSOLUTE
    _printf_charcount                        0x00000000   Number         0  stubs.o ABSOLUTE
    _printf_d                                0x00000000   Number         0  stubs.o ABSOLUTE
    _printf_e                                0x00000000   Number         0  stubs.o ABSOLUTE
    _printf_f                                0x00000000   Number         0  stubs.o ABSOLUTE
    _printf_flags                            0x00000000   Number         0  stubs.o ABSOLUTE
    _printf_fp_dec                           0x00000000   Number         0  stubs.o ABSOLUTE
    _printf_fp_hex                           0x00000000   Number         0  stubs.o ABSOLUTE
    _printf_g                                0x00000000   Number         0  stubs.o ABSOLUTE
    _printf_i                                0x00000000   Number         0  stubs.o ABSOLUTE
    _printf_int_dec                          0x00000000   Number         0  stubs.o ABSOLUTE
    _printf_l                                0x00000000   Number         0  stubs.o ABSOLUTE
    _printf_lc                               0x00000000   Number         0  stubs.o ABSOLUTE
    _printf_ll                               0x00000000   Number         0  stubs.o ABSOLUTE
    _printf_lld                              0x00000000   Number         0  stubs.o ABSOLUTE
    _printf_lli                              0x00000000   Number         0  stubs.o ABSOLUTE
    _printf_llo                              0x00000000   Number         0  stubs.o ABSOLUTE
    _printf_llu                              0x00000000   Number         0  stubs.o ABSOLUTE
    _printf_llx                              0x00000000   Number         0  stubs.o ABSOLUTE
    _printf_longlong_dec                     0x00000000   Number         0  stubs.o ABSOLUTE
    _printf_longlong_hex                     0x00000000   Number         0  stubs.o ABSOLUTE
    _printf_longlong_oct                     0x00000000   Number         0  stubs.o ABSOLUTE
    _printf_ls                               0x00000000   Number         0  stubs.o ABSOLUTE
    _printf_mbtowc                           0x00000000   Number         0  stubs.o ABSOLUTE
    _printf_n                                0x00000000   Number         0  stubs.o ABSOLUTE
    _printf_o                                0x00000000   Number         0  stubs.o ABSOLUTE
    _printf_p                                0x00000000   Number         0  stubs.o ABSOLUTE
    _printf_percent                          0x00000000   Number         0  stubs.o ABSOLUTE
    _printf_pre_padding                      0x00000000   Number         0  stubs.o ABSOLUTE
    _printf_return_value                     0x00000000   Number         0  stubs.o ABSOLUTE
    _printf_s                                0x00000000   Number         0  stubs.o ABSOLUTE
    _printf_sizespec                         0x00000000   Number         0  stubs.o ABSOLUTE
    _printf_str                              0x00000000   Number         0  stubs.o ABSOLUTE
    _printf_truncate_signed                  0x00000000   Number         0  stubs.o ABSOLUTE
    _printf_truncate_unsigned                0x00000000   Number         0  stubs.o ABSOLUTE
    _printf_u                                0x00000000   Number         0  stubs.o ABSOLUTE
    _printf_wc                               0x00000000   Number         0  stubs.o ABSOLUTE
    _printf_wctomb                           0x00000000   Number         0  stubs.o ABSOLUTE
    _printf_widthprec                        0x00000000   Number         0  stubs.o ABSOLUTE
    _printf_x                                0x00000000   Number         0  stubs.o ABSOLUTE
    __cpp_initialize__aeabi_                  - Undefined Weak Reference
    __cxa_finalize                            - Undefined Weak Reference
    __decompress                              - Undefined Weak Reference
    _clock_init                               - Undefined Weak Reference
    _microlib_exit                            - Undefined Weak Reference
    Reset_Handler                            0x0000026d   Thumb Code     0  startup.o(RESET)
    NMI_Handler                              0x00000281   Thumb Code     2  startup.o(RESET)
    HardFault_Handler                        0x00000283   Thumb Code     2  startup.o(RESET)
    MemManage_Handler                        0x00000285   Thumb Code     2  startup.o(RESET)
    BusFault_Handler                         0x00000287   Thumb Code     2  startup.o(RESET)
    UsageFault_Handler                       0x00000289   Thumb Code     2  startup.o(RESET)
    SVC_Handler                              0x0000028b   Thumb Code     2  startup.o(RESET)
    DebugMon_Handler                         0x0000028d   Thumb Code     2  startup.o(RESET)
    PendSV_Handler                           0x0000028f   Thumb Code     2  startup.o(RESET)
    SysTick_Handler                          0x00000291   Thumb Code     2  startup.o(RESET)
    ADC0Seq1_Handler                         0x00000293   Thumb Code     0  startup.o(RESET)
    ADC0Seq2_Handler                         0x00000293   Thumb Code     0  startup.o(RESET)
    ADC0Seq3_Handler                         0x00000293   Thumb Code     0  startup.o(RESET)
    ADC1Seq1_Handler                         0x00000293   Thumb Code     0  startup.o(RESET)
    ADC1Seq2_Handler                         0x00000293   Thumb Code     0  startup.o(RESET)
    ADC1Seq3_Handler                         0x00000293   Thumb Code     0  startup.o(RESET)
    CAN0_Handler                             0x00000293   Thumb Code     0  startup.o(RESET)
    CAN1_Handler                             0x00000293   Thumb Code     0  startup.o(RESET)
    CAN2_Handler                             0x00000293   Thumb Code     0  startup.o(RESET)
    Comp0_Handler                            0x00000293   Thumb Code     0  startup.o(RESET)
    Comp1_Handler                            0x00000293   Thumb Code     0  startup.o(RESET)
    Comp2_Handler                            0x00000293   Thumb Code     0  startup.o(RESET)
    Ethernet_Handler                         0x00000293   Thumb Code     0  startup.o(RESET)
    ExtBus_Handler                           0x00000293   Thumb Code     0  startup.o(RESET)
    FPU_Handler                              0x00000293   Thumb Code     0  startup.o(RESET)
    Fan0_Handler                             0x00000293   Thumb Code     0  startup.o(RESET)
    FlashCtl_Handler                         0x00000293   Thumb Code     0  startup.o(RESET)
    GPIOPortA_Handler                        0x00000293   Thumb Code     0  startup.o(RESET)
    GPIOPortB_Handler                        0x00000293   Thumb Code     0  startup.o(RESET)
    GPIOPortC_Handler                        0x00000293   Thumb Code     0  startup.o(RESET)
    GPIOPortD_Handler                        0x00000293   Thumb Code     0  startup.o(RESET)
    GPIOPortE_Handler                        0x00000293   Thumb Code     0  startup.o(RESET)
    GPIOPortG_Handler                        0x00000293   Thumb Code     0  startup.o(RESET)
    GPIOPortH_Handler                        0x00000293   Thumb Code     0  startup.o(RESET)
    GPIOPortJ_Handler                        0x00000293   Thumb Code     0  startup.o(RESET)
    GPIOPortK_Handler                        0x00000293   Thumb Code     0  startup.o(RESET)
    GPIOPortL_Handler                        0x00000293   Thumb Code     0  startup.o(RESET)
    GPIOPortM_Handler                        0x00000293   Thumb Code     0  startup.o(RESET)
    GPIOPortN_Handler                        0x00000293   Thumb Code     0  startup.o(RESET)
    GPIOPortP1_Handler                       0x00000293   Thumb Code     0  startup.o(RESET)
    GPIOPortP2_Handler                       0x00000293   Thumb Code     0  startup.o(RESET)
    GPIOPortP3_Handler                       0x00000293   Thumb Code     0  startup.o(RESET)
    GPIOPortP4_Handler                       0x00000293   Thumb Code     0  startup.o(RESET)
    GPIOPortP5_Handler                       0x00000293   Thumb Code     0  startup.o(RESET)
    GPIOPortP6_Handler                       0x00000293   Thumb Code     0  startup.o(RESET)
    GPIOPortP7_Handler                       0x00000293   Thumb Code     0  startup.o(RESET)
    GPIOPortP_Handler                        0x00000293   Thumb Code     0  startup.o(RESET)
    GPIOPortQ1_Handler                       0x00000293   Thumb Code     0  startup.o(RESET)
    GPIOPortQ2_Handler                       0x00000293   Thumb Code     0  startup.o(RESET)
    GPIOPortQ3_Handler                       0x00000293   Thumb Code     0  startup.o(RESET)
    GPIOPortQ4_Handler                       0x00000293   Thumb Code     0  startup.o(RESET)
    GPIOPortQ5_Handler                       0x00000293   Thumb Code     0  startup.o(RESET)
    GPIOPortQ6_Handler                       0x00000293   Thumb Code     0  startup.o(RESET)
    GPIOPortQ7_Handler                       0x00000293   Thumb Code     0  startup.o(RESET)
    GPIOPortQ_Handler                        0x00000293   Thumb Code     0  startup.o(RESET)
    GPIOPortR_Handler                        0x00000293   Thumb Code     0  startup.o(RESET)
    GPIOPortS_Handler                        0x00000293   Thumb Code     0  startup.o(RESET)
    Hibernate_Handler                        0x00000293   Thumb Code     0  startup.o(RESET)
    I2C0_Handler                             0x00000293   Thumb Code     0  startup.o(RESET)
    I2C1_Handler                             0x00000293   Thumb Code     0  startup.o(RESET)
    I2C2_Handler                             0x00000293   Thumb Code     0  startup.o(RESET)
    I2C3_Handler                             0x00000293   Thumb Code     0  startup.o(RESET)
    I2C4_Handler                             0x00000293   Thumb Code     0  startup.o(RESET)
    I2C5_Handler                             0x00000293   Thumb Code     0  startup.o(RESET)
    I2S0_Handler                             0x00000293   Thumb Code     0  startup.o(RESET)
    LPC0_Handler                             0x00000293   Thumb Code     0  startup.o(RESET)
    PECI0_Handler                            0x00000293   Thumb Code     0  startup.o(RESET)
    PWM0Fault_Handler                        0x00000293   Thumb Code     0  startup.o(RESET)
    PWM0Generator0_Handler                   0x00000293   Thumb Code     0  startup.o(RESET)
    PWM0Generator1_Handler                   0x00000293   Thumb Code     0  startup.o(RESET)
    PWM0Generator2_Handler                   0x00000293   Thumb Code     0  startup.o(RESET)
    PWM0Generator3_Handler                   0x00000293   Thumb Code     0  startup.o(RESET)
    PWM1Fault_Handler                        0x00000293   Thumb Code     0  startup.o(RESET)
    PWM1Generator0_Handler                   0x00000293   Thumb Code     0  startup.o(RESET)
    PWM1Generator1_Handler                   0x00000293   Thumb Code     0  startup.o(RESET)
    PWM1Generator2_Handler                   0x00000293   Thumb Code     0  startup.o(RESET)
    PWM1Generator3_Handler                   0x00000293   Thumb Code     0  startup.o(RESET)
    Quadrature0_Handler                      0x00000293   Thumb Code     0  startup.o(RESET)
    Quadrature1_Handler                      0x00000293   Thumb Code     0  startup.o(RESET)
    Quadrature2_Handler                      0x00000293   Thumb Code     0  startup.o(RESET)
    SSI0_Handler                             0x00000293   Thumb Code     0  startup.o(RESET)
    SSI1_Handler                             0x00000293   Thumb Code     0  startup.o(RESET)
    SSI2_Handler                             0x00000293   Thumb Code     0  startup.o(RESET)
    SSI3_Handler                             0x00000293   Thumb Code     0  startup.o(RESET)
    SysCtl_Handler                           0x00000293   Thumb Code     0  startup.o(RESET)
    Timer0B_Handler                          0x00000293   Thumb Code     0  startup.o(RESET)
    Timer1B_Handler                          0x00000293   Thumb Code     0  startup.o(RESET)
    Timer2A_Handler                          0x00000293   Thumb Code     0  startup.o(RESET)
    Timer3A_Handler                          0x00000293   Thumb Code     0  startup.o(RESET)
    Timer3B_Handler                          0x00000293   Thumb Code     0  startup.o(RESET)
    Timer4A_Handler                          0x00000293   Thumb Code     0  startup.o(RESET)
    Timer4B_Handler                          0x00000293   Thumb Code     0  startup.o(RESET)
    Timer5A_Handler                          0x00000293   Thumb Code     0  startup.o(RESET)
    Timer5B_Handler                          0x00000293   Thumb Code     0  startup.o(RESET)
    UART0_Handler                            0x00000293   Thumb Code     0  startup.o(RESET)
    UART1_Handler                            0x00000293   Thumb Code     0  startup.o(RESET)
    UART2_Handler                            0x00000293   Thumb Code     0  startup.o(RESET)
    UART3_Handler                            0x00000293   Thumb Code     0  startup.o(RESET)
    UART4_Handler                            0x00000293   Thumb Code     0  startup.o(RESET)
    UART5_Handler                            0x00000293   Thumb Code     0  startup.o(RESET)
    UART6_Handler                            0x00000293   Thumb Code     0  startup.o(RESET)
    UART7_Handler                            0x00000293   Thumb Code     0  startup.o(RESET)
    USB0_Handler                             0x00000293   Thumb Code     0  startup.o(RESET)
    WDT_Handler                              0x00000293   Thumb Code     0  startup.o(RESET)
    WideTimer0A_Handler                      0x00000293   Thumb Code     0  startup.o(RESET)
    WideTimer0B_Handler                      0x00000293   Thumb Code     0  startup.o(RESET)
    WideTimer1A_Handler                      0x00000293   Thumb Code     0  startup.o(RESET)
    WideTimer1B_Handler                      0x00000293   Thumb Code     0  startup.o(RESET)
    WideTimer2A_Handler                      0x00000293   Thumb Code     0  startup.o(RESET)
    WideTimer2B_Handler                      0x00000293   Thumb Code     0  startup.o(RESET)
    WideTimer3A_Handler                      0x00000293   Thumb Code     0  startup.o(RESET)
    WideTimer3B_Handler                      0x00000293   Thumb Code     0  startup.o(RESET)
    WideTimer4A_Handler                      0x00000293   Thumb Code     0  startup.o(RESET)
    WideTimer4B_Handler                      0x00000293   Thumb Code     0  startup.o(RESET)
    WideTimer5A_Handler                      0x00000293   Thumb Code     0  startup.o(RESET)
    WideTimer5B_Handler                      0x00000293   Thumb Code     0  startup.o(RESET)
    uDMA_Error                               0x00000293   Thumb Code     0  startup.o(RESET)
    uDMA_Handler                             0x00000293   Thumb Code     0  startup.o(RESET)
    __main                                   0x00000295   Thumb Code     0  entry.o(.ARM.Collect$$$$00000000)
    _main_stk                                0x00000295   Thumb Code     0  entry2.o(.ARM.Collect$$$$00000001)
    _main_scatterload                        0x00000299   Thumb Code     0  entry5.o(.ARM.Collect$$$$00000004)
    __main_after_scatterload                 0x0000029d   Thumb Code     0  entry5.o(.ARM.Collect$$$$00000004)
    _main_clock                              0x0000029d   Thumb Code     0  entry7b.o(.ARM.Collect$$$$00000008)
    _main_cpp_init                           0x0000029d   Thumb Code     0  entry8b.o(.ARM.Collect$$$$0000000A)
    _main_init                               0x0000029d   Thumb Code     0  entry9a.o(.ARM.Collect$$$$0000000B)
    __rt_final_cpp                           0x000002a5   Thumb Code     0  entry10a.o(.ARM.Collect$$$$0000000D)
    __rt_final_exit                          0x000002a5   Thumb Code     0  entry11a.o(.ARM.Collect$$$$0000000F)
    DisableInterrupts                        0x000002a9   Thumb Code     0  startup.o(.text)
    EnableInterrupts                         0x000002ad   Thumb Code     0  startup.o(.text)
    StartCritical                            0x000002b1   Thumb Code     0  startup.o(.text)
    EndCritical                              0x000002b9   Thumb Code     0  startup.o(.text)
    WaitForInterrupt                         0x000002bf   Thumb Code     0  startup.o(.text)
    FloatMultiply                            0x000002c5   Thumb Code     0  floatmultiply.o(.text)
    __aeabi_uidiv                            0x000002dd   Thumb Code     0  uidiv.o(.text)
    __aeabi_uidivmod                         0x000002dd   Thumb Code    44  uidiv.o(.text)
    __scatterload                            0x00000309   Thumb Code    28  init.o(.text)
    __scatterload_rt2                        0x00000309   Thumb Code     0  init.o(.text)
    ADC0Seq0_Handler                         0x0000032d   Thumb Code    90  adc.o(i.ADC0Seq0_Handler)
    ADC0_Init                                0x00000391   Thumb Code   272  adc.o(i.ADC0_Init)
    ADC1Seq0_Handler                         0x000004c1   Thumb Code    90  adc.o(i.ADC1Seq0_Handler)
    Delay1ms                                 0x00000525   Thumb Code    32  st7735.o(i.Delay1ms)
    DelayWait10ms                            0x00000545   Thumb Code    32  main.o(i.DelayWait10ms)
    GPIOPortF_Handler                        0x00000565   Thumb Code   258  switch.o(i.GPIOPortF_Handler)
    GrabCalibration                          0x00000679   Thumb Code   126  main.o(i.GrabCalibration)
    Output_Clear                             0x00000745   Thumb Code    10  st7735.o(i.Output_Clear)
    Output_Init                              0x0000074f   Thumb Code    16  st7735.o(i.Output_Init)
    PLL_Init                                 0x00000761   Thumb Code   118  pll.o(i.PLL_Init)
    PWM0_1A_Duty                             0x000007dd   Thumb Code     8  pwm.o(i.PWM0_1A_Duty)
    PWM0_1B_Duty                             0x000007e9   Thumb Code     8  pwm.o(i.PWM0_1B_Duty)
    PWM0_1_Init                              0x000007f5   Thumb Code   198  pwm.o(i.PWM0_1_Init)
    PWM0_3A_Duty                             0x000008e1   Thumb Code     8  pwm.o(i.PWM0_3A_Duty)
    PWM0_3_Init                              0x000008ed   Thumb Code   202  pwm.o(i.PWM0_3_Init)
    PrintSplash                              0x000009dd   Thumb Code   602  main.o(i.PrintSplash)
    ST7735_Color565                          0x00000cd9   Thumb Code    24  st7735.o(i.ST7735_Color565)
    ST7735_DrawBitmap                        0x00000cf1   Thumb Code   280  st7735.o(i.ST7735_DrawBitmap)
    ST7735_DrawCharS                         0x00000e11   Thumb Code   232  st7735.o(i.ST7735_DrawCharS)
    ST7735_DrawPixel                         0x00000f05   Thumb Code    68  st7735.o(i.ST7735_DrawPixel)
    ST7735_DrawString                        0x00000f51   Thumb Code    84  st7735.o(i.ST7735_DrawString)
    ST7735_FillRect                          0x00000fa5   Thumb Code   164  st7735.o(i.ST7735_FillRect)
    ST7735_FillScreen                        0x00001051   Thumb Code    28  st7735.o(i.ST7735_FillScreen)
    ST7735_InitR                             0x00001075   Thumb Code    90  st7735.o(i.ST7735_InitR)
    ST7735_OutChar                           0x000010f1   Thumb Code   176  st7735.o(i.ST7735_OutChar)
    ST7735_SetCursor                         0x000011c5   Thumb Code    22  st7735.o(i.ST7735_SetCursor)
    ST7735_SetRotation                       0x000011e5   Thumb Code   196  st7735.o(i.ST7735_SetRotation)
    Switch_Init                              0x000012b9   Thumb Code   188  switch.o(i.Switch_Init)
    Timer0A_Handler                          0x000013a5   Thumb Code   238  timer.o(i.Timer0A_Handler)
    Timer0A_Init                             0x000014b5   Thumb Code   108  timer.o(i.Timer0A_Init)
    Timer1A_Disable                          0x00001531   Thumb Code    14  timer.o(i.Timer1A_Disable)
    Timer1A_Enable                           0x00001545   Thumb Code    14  timer.o(i.Timer1A_Enable)
    Timer1A_Handler                          0x00001559   Thumb Code    56  timer.o(i.Timer1A_Handler)
    Timer1A_Init                             0x0000159d   Thumb Code    96  timer.o(i.Timer1A_Init)
    Timer2A_Init                             0x0000160d   Thumb Code   116  timer.o(i.Timer2A_Init)
    Timer2B_Handler                          0x00001691   Thumb Code    22  timer.o(i.Timer2B_Handler)
    __0printf$6                              0x000016ad   Thumb Code    22  printf6.o(i.__0printf$6)
    __1printf$6                              0x000016ad   Thumb Code     0  printf6.o(i.__0printf$6)
    __2printf                                0x000016ad   Thumb Code     0  printf6.o(i.__0printf$6)
    __0sprintf$6                             0x000016cd   Thumb Code    34  printf6.o(i.__0sprintf$6)
    __1sprintf$6                             0x000016cd   Thumb Code     0  printf6.o(i.__0sprintf$6)
    __2sprintf                               0x000016cd   Thumb Code     0  printf6.o(i.__0sprintf$6)
    __scatterload_copy                       0x000016f5   Thumb Code    14  handlers.o(i.__scatterload_copy)
    __scatterload_null                       0x00001703   Thumb Code     2  handlers.o(i.__scatterload_null)
    __scatterload_zeroinit                   0x00001705   Thumb Code    14  handlers.o(i.__scatterload_zeroinit)
    fputc                                    0x00001c45   Thumb Code    16  st7735.o(i.fputc)
    main                                     0x00001c55   Thumb Code   334  main.o(i.main)
    dBfs                                     0x00003a42   Data         512  st7735.o(.constdata)
    Region$$Table$$Base                      0x00005984   Number         0  anon$$obj.o(Region$$Table)
    Region$$Table$$Limit                     0x000059a4   Number         0  anon$$obj.o(Region$$Table)
    StX                                      0x20000000   Data           4  st7735.o(.data)
    StY                                      0x20000004   Data           4  st7735.o(.data)
    StTextColor                              0x20000008   Data           2  st7735.o(.data)
    lastj                                    0x20000010   Data           4  st7735.o(.data)
    Messageindex                             0x20000018   Data           4  st7735.o(.data)
    Ymax                                     0x2000001c   Data           4  st7735.o(.data)
    Ymin                                     0x20000020   Data           4  st7735.o(.data)
    X                                        0x20000024   Data           4  st7735.o(.data)
    Yrange                                   0x20000028   Data           4  st7735.o(.data)
    Debounced_State                          0x20000038   Data           1  timer.o(.data)
    Index                                    0x20000039   Data           1  timer.o(.data)
    sineOutput                               0x2000003c   Data           4  timer.o(.data)
    lastVal                                  0x20000040   Data           4  timer.o(.data)
    State                                    0x20000044   Data           3  timer.o(.data)
    castFloat                                0x20000048   Data           2  timer.o(.data)
    continueFlag                             0x20000058   Data           1  main.o(.data)
    printFlag                                0x20000059   Data           1  main.o(.data)
    motorConstant                            0x2000005c   Data           4  main.o(.data)
    __stdout                                 0x20000060   Data           4  stdout.o(.data)
    data                                     0x2000006c   Data          32  main.o(.bss)
    __initial_sp                             0x20000490   Data           0  startup.o(STACK)



==============================================================================

Memory Map of the image

  Image Entry point : 0x0000026d

  Load Region LR_1 (Base: 0x00000000, Size: 0x00005a10, Max: 0xffffffff, ABSOLUTE)

    Execution Region ER_RO (Base: 0x00000000, Size: 0x000059a4, Max: 0xffffffff, ABSOLUTE)

    Base Addr    Size         Type   Attr      Idx    E Section Name        Object

    0x00000000   0x00000294   Code   RO            3  * RESET               startup.o
    0x00000294   0x00000000   Code   RO          593  * .ARM.Collect$$$$00000000  mc_w.l(entry.o)
    0x00000294   0x00000004   Code   RO          857    .ARM.Collect$$$$00000001  mc_w.l(entry2.o)
    0x00000298   0x00000004   Code   RO          860    .ARM.Collect$$$$00000004  mc_w.l(entry5.o)
    0x0000029c   0x00000000   Code   RO          862    .ARM.Collect$$$$00000008  mc_w.l(entry7b.o)
    0x0000029c   0x00000000   Code   RO          864    .ARM.Collect$$$$0000000A  mc_w.l(entry8b.o)
    0x0000029c   0x00000008   Code   RO          865    .ARM.Collect$$$$0000000B  mc_w.l(entry9a.o)
    0x000002a4   0x00000000   Code   RO          867    .ARM.Collect$$$$0000000D  mc_w.l(entry10a.o)
    0x000002a4   0x00000000   Code   RO          869    .ARM.Collect$$$$0000000F  mc_w.l(entry11a.o)
    0x000002a4   0x00000004   Code   RO          858    .ARM.Collect$$$$00002712  mc_w.l(entry2.o)
    0x000002a8   0x0000001c   Code   RO            4    .text               startup.o
    0x000002c4   0x00000018   Code   RO          446    .text               floatmultiply.o
    0x000002dc   0x0000002c   Code   RO          872    .text               mc_w.l(uidiv.o)
    0x00000308   0x00000024   Code   RO          887    .text               mc_w.l(init.o)
    0x0000032c   0x00000064   Code   RO          411    i.ADC0Seq0_Handler  adc.o
    0x00000390   0x00000130   Code   RO          412    i.ADC0_Init         adc.o
    0x000004c0   0x00000064   Code   RO          413    i.ADC1Seq0_Handler  adc.o
    0x00000524   0x00000020   Code   RO           34    i.Delay1ms          st7735.o
    0x00000544   0x00000020   Code   RO          503    i.DelayWait10ms     main.o
    0x00000564   0x00000114   Code   RO          389    i.GPIOPortF_Handler  switch.o
    0x00000678   0x000000cc   Code   RO          504    i.GrabCalibration   main.o
    0x00000744   0x0000000a   Code   RO           35    i.Output_Clear      st7735.o
    0x0000074e   0x00000010   Code   RO           37    i.Output_Init       st7735.o
    0x0000075e   0x00000002   PAD
    0x00000760   0x0000007c   Code   RO           12    i.PLL_Init          pll.o
    0x000007dc   0x0000000c   Code   RO          452    i.PWM0_1A_Duty      pwm.o
    0x000007e8   0x0000000c   Code   RO          453    i.PWM0_1B_Duty      pwm.o
    0x000007f4   0x000000ec   Code   RO          454    i.PWM0_1_Init       pwm.o
    0x000008e0   0x0000000c   Code   RO          455    i.PWM0_3A_Duty      pwm.o
    0x000008ec   0x000000f0   Code   RO          456    i.PWM0_3_Init       pwm.o
    0x000009dc   0x000002fc   Code   RO          505    i.PrintSplash       main.o
    0x00000cd8   0x00000018   Code   RO           40    i.ST7735_Color565   st7735.o
    0x00000cf0   0x00000120   Code   RO           41    i.ST7735_DrawBitmap  st7735.o
    0x00000e10   0x000000f4   Code   RO           43    i.ST7735_DrawCharS  st7735.o
    0x00000f04   0x0000004c   Code   RO           46    i.ST7735_DrawPixel  st7735.o
    0x00000f50   0x00000054   Code   RO           47    i.ST7735_DrawString  st7735.o
    0x00000fa4   0x000000ac   Code   RO           48    i.ST7735_FillRect   st7735.o
    0x00001050   0x00000024   Code   RO           49    i.ST7735_FillScreen  st7735.o
    0x00001074   0x0000007c   Code   RO           51    i.ST7735_InitR      st7735.o
    0x000010f0   0x000000d4   Code   RO           53    i.ST7735_OutChar    st7735.o
    0x000011c4   0x00000020   Code   RO           64    i.ST7735_SetCursor  st7735.o
    0x000011e4   0x000000d4   Code   RO           65    i.ST7735_SetRotation  st7735.o
    0x000012b8   0x000000ec   Code   RO          390    i.Switch_Init       switch.o
    0x000013a4   0x00000110   Code   RO          310    i.Timer0A_Handler   timer.o
    0x000014b4   0x0000007c   Code   RO          311    i.Timer0A_Init      timer.o
    0x00001530   0x00000014   Code   RO          312    i.Timer1A_Disable   timer.o
    0x00001544   0x00000014   Code   RO          313    i.Timer1A_Enable    timer.o
    0x00001558   0x00000044   Code   RO          314    i.Timer1A_Handler   timer.o
    0x0000159c   0x00000070   Code   RO          315    i.Timer1A_Init      timer.o
    0x0000160c   0x00000084   Code   RO          316    i.Timer2A_Init      timer.o
    0x00001690   0x0000001c   Code   RO          317    i.Timer2B_Handler   timer.o
    0x000016ac   0x00000020   Code   RO          751    i.__0printf$6       mc_w.l(printf6.o)
    0x000016cc   0x00000028   Code   RO          753    i.__0sprintf$6      mc_w.l(printf6.o)
    0x000016f4   0x0000000e   Code   RO          899    i.__scatterload_copy  mc_w.l(handlers.o)
    0x00001702   0x00000002   Code   RO          900    i.__scatterload_null  mc_w.l(handlers.o)
    0x00001704   0x0000000e   Code   RO          901    i.__scatterload_zeroinit  mc_w.l(handlers.o)
    0x00001712   0x00000002   PAD
    0x00001714   0x000002f4   Code   RO          758    i._printf_core      mc_w.l(printf6.o)
    0x00001a08   0x00000026   Code   RO          759    i._printf_post_padding  mc_w.l(printf6.o)
    0x00001a2e   0x00000030   Code   RO          760    i._printf_pre_padding  mc_w.l(printf6.o)
    0x00001a5e   0x0000000a   Code   RO          762    i._sputc            mc_w.l(printf6.o)
    0x00001a68   0x00000056   Code   RO           68    i.commandList       st7735.o
    0x00001abe   0x00000002   PAD
    0x00001ac0   0x00000184   Code   RO           69    i.commonInit        st7735.o
    0x00001c44   0x00000010   Code   RO           73    i.fputc             st7735.o
    0x00001c54   0x000001f4   Code   RO          506    i.main              main.o
    0x00001e48   0x00000012   Code   RO           74    i.pushColor         st7735.o
    0x00001e5a   0x00000002   PAD
    0x00001e5c   0x00000074   Code   RO           75    i.setAddrWindow     st7735.o
    0x00001ed0   0x00000030   Code   RO           76    i.writecommand      st7735.o
    0x00001f00   0x00000020   Code   RO           77    i.writedata         st7735.o
    0x00001f20   0x00001d22   Data   RO           79    .constdata          st7735.o
    0x00003c42   0x00000002   PAD
    0x00003c44   0x00000400   Data   RO          320    .constdata          timer.o
    0x00004044   0x00001940   Data   RO          508    .constdata          main.o
    0x00005984   0x00000020   Data   RO          897    Region$$Table       anon$$obj.o


    Execution Region ER_RW (Base: 0x20000000, Size: 0x0000006c, Max: 0xffffffff, ABSOLUTE)

    Base Addr    Size         Type   Attr      Idx    E Section Name        Object

    0x20000000   0x0000002c   Data   RW           80    .data               st7735.o
    0x2000002c   0x0000001e   Data   RW          321    .data               timer.o
    0x2000004a   0x00000002   PAD
    0x2000004c   0x00000014   Data   RW          509    .data               main.o
    0x20000060   0x00000004   Data   RW          871    .data               mc_w.l(stdout.o)
    0x20000064   0x00000008   Data   RW          445    DATA                floatmultiply.o


    Execution Region ER_ZI (Base: 0x2000006c, Size: 0x00000424, Max: 0xffffffff, ABSOLUTE)

    Base Addr    Size         Type   Attr      Idx    E Section Name        Object

    0x2000006c   0x00000020   Zero   RW          507    .bss                main.o
    0x2000008c   0x00000004   PAD
    0x20000090   0x00000400   Zero   RW            1    STACK               startup.o


==============================================================================

Image component sizes


      Code (inc. data)   RO Data    RW Data    ZI Data      Debug   Object Name

       504         52          0          0          0       1585   adc.o
        24         10          0          8          0        176   floatmultiply.o
      1500        406       6464         20         32       3167   main.o
       124          6          0          0          0       4623   pll.o
       512         88          0          0          0       2133   pwm.o
      2266        214       7458         44          0      16643   st7735.o
       688        622          0          0       1024        912   startup.o
       512         66          0          0          0       1054   switch.o
       776        112       1024         30          0       4893   timer.o

    ----------------------------------------------------------------------
      6912       1576      14980        104       1060      35186   Object Totals
         0          0         32          0          0          0   (incl. Generated)
         6          0          2          2          4          0   (incl. Padding)

    ----------------------------------------------------------------------

      Code (inc. data)   RO Data    RW Data    ZI Data      Debug   Library Member Name

         0          0          0          0          0          0   entry.o
         0          0          0          0          0          0   entry10a.o
         0          0          0          0          0          0   entry11a.o
         8          4          0          0          0          0   entry2.o
         4          0          0          0          0          0   entry5.o
         0          0          0          0          0          0   entry7b.o
         0          0          0          0          0          0   entry8b.o
         8          4          0          0          0          0   entry9a.o
        30          0          0          0          0          0   handlers.o
        36          8          0          0          0         68   init.o
       924         22          0          0          0        504   printf6.o
         0          0          0          4          0          0   stdout.o
        44          0          0          0          0         80   uidiv.o

    ----------------------------------------------------------------------
      1056         38          0          4          0        652   Library Totals
         2          0          0          0          0          0   (incl. Padding)

    ----------------------------------------------------------------------

      Code (inc. data)   RO Data    RW Data    ZI Data      Debug   Library Name

      1054         38          0          4          0        652   mc_w.l

    ----------------------------------------------------------------------
      1056         38          0          4          0        652   Library Totals

    ----------------------------------------------------------------------

==============================================================================


      Code (inc. data)   RO Data    RW Data    ZI Data      Debug   

      7968       1614      14980        108       1060      31678   Grand Totals
      7968       1614      14980        108       1060      31678   ELF Image Totals
      7968       1614      14980        108          0          0   ROM Totals

==============================================================================

    Total RO  Size (Code + RO Data)                22948 (  22.41kB)
    Total RW  Size (RW Data + ZI Data)              1168 (   1.14kB)
    Total ROM Size (Code + RO Data + RW Data)      23056 (  22.52kB)

==============================================================================

